../holse/cons.c:25:6:print	8	static
../holse/cons.c:427:6:cmdSave	8	static
../holse/cons.c:445:6:consThread	24	static
../holse/cons.c:113:6:printHelpCommands	16	static
../holse/cons.c:125:6:cmdHelp	16	static
../holse/cons.c:147:9:convertToInt	16	static
../holse/cons.c:166:6:printOp	0	static
../holse/cons.c:186:6:printHex	8	static
../holse/cons.c:190:6:printDec	16	static
../holse/cons.c:196:6:printOutputState	8	static
../holse/cons.c:409:6:cmdOutput	16	static
../holse/cons.c:205:6:printConfigInput1Op	16	static
../holse/cons.c:217:6:printConfigInput	40	static
../holse/cons.c:265:6:cmdInput	24	static
../holse/cons.c:251:6:printConfigTimer	32	static
../holse/cons.c:330:6:cmdTimer	16	static
../holse/cons.c:353:6:cmdShow	16	static
../holse/cons.c:436:6:putBufPtr	0	static
../holse/cons.c:471:6:consInit	8	static
