../holse/emCLI.c:105:6:histMove.part.0	16	static
../holse/emCLI.c:24:6:initCLI	0	static
../holse/emCLI.c:30:6:printCh	16	static
../holse/emCLI.c:37:6:redrawLineAfterCursor	8	static
../holse/emCLI.c:43:6:redrawCursor	16	static
../holse/emCLI.c:52:6:printLog	16	static
../holse/emCLI.c:66:6:histClean	32	static
../holse/emCLI.c:78:6:histPutIn	24	static
../holse/emCLI.c:89:6:histGetFrom	16	static
../holse/emCLI.c:105:6:histMove	12	static
../holse/emCLI.c:127:6:putInLineCh	32	static
../holse/emCLI.c:144:6:delInLine	16	static
../holse/emCLI.c:160:6:closeTerm	0	static
../holse/emCLI.c:165:6:processCmds	24	static
../holse/emCLI.c:179:8:toLower	8	static
../holse/emCLI.c:183:6:processNewLine	32	static
../holse/emCLI.c:203:6:moveLineCursor	24	static
../holse/emCLI.c:232:6:processACMultiple	48	static
../holse/emCLI.c:256:6:processAutoComplete	32	static
../holse/emCLI.c:284:8:processConsoleStr2	16	static
../holse/emCLI.c:372:6:processConsoleStr	8	static
