../holse/io.c:47:6:__setOutputs	8	static
../holse/io.c:60:6:setOutputs	0	static
../holse/io.c:65:6:setOutputsByInputConfig	0	static
../holse/io.c:86:6:setOutputsOff	0	static
../holse/io.c:92:6:firstEnableOutputs	0	static
../holse/io.c:104:6:setOutputOn	0	static
../holse/io.c:109:6:setOutputOff	0	static
../holse/io.c:113:6:setOutputToggle	0	static
../holse/io.c:118:5:getOutputState	0	static
../holse/io.c:123:10:getOutputsState	0	static
../holse/io.c:134:10:readInputs	16	static
../holse/io.c:231:5:startTimer	8	static
../holse/io.c:145:6:processInputEvent	8	static
../holse/io.c:177:6:threadInputTimers	16	static
../holse/io.c:196:6:processInputEvents	32	static
../holse/io.c:212:6:threadSPI	8	static
../holse/io.c:237:6:processTimerEvent	8	static
../holse/io.c:242:6:threadTimers	16	static
../holse/io.c:254:6:offActiveTimers	16	static
../holse/io.c:279:6:initThreads	8	static
../holse/io.c:100:6:initIO	8	static
