Archive member included to satisfy reference by file (symbol)

c:/st/stm32cubeide_1.7.0/stm32cubeide/plugins/com.st.stm32cube.ide.mcu.externaltools.gnu-tools-for-stm32.10.3-2021.10.win32_1.0.0.202111181127/tools/bin/../lib/gcc/arm-none-eabi/10.3.1/../../../../arm-none-eabi/lib/thumb/v7-m/nofp\libc_nano.a(lib_a-ctype_.o)
                              ./holse/emCLI.o (_ctype_)
c:/st/stm32cubeide_1.7.0/stm32cubeide/plugins/com.st.stm32cube.ide.mcu.externaltools.gnu-tools-for-stm32.10.3-2021.10.win32_1.0.0.202111181127/tools/bin/../lib/gcc/arm-none-eabi/10.3.1/../../../../arm-none-eabi/lib/thumb/v7-m/nofp\libc_nano.a(lib_a-errno.o)
                              ./Core/Src/syscalls.o (__errno)
c:/st/stm32cubeide_1.7.0/stm32cubeide/plugins/com.st.stm32cube.ide.mcu.externaltools.gnu-tools-for-stm32.10.3-2021.10.win32_1.0.0.202111181127/tools/bin/../lib/gcc/arm-none-eabi/10.3.1/../../../../arm-none-eabi/lib/thumb/v7-m/nofp\libc_nano.a(lib_a-exit.o)
                              c:/st/stm32cubeide_1.7.0/stm32cubeide/plugins/com.st.stm32cube.ide.mcu.externaltools.gnu-tools-for-stm32.10.3-2021.10.win32_1.0.0.202111181127/tools/bin/../lib/gcc/arm-none-eabi/10.3.1/../../../../arm-none-eabi/lib/thumb/v7-m/nofp/crt0.o (exit)
c:/st/stm32cubeide_1.7.0/stm32cubeide/plugins/com.st.stm32cube.ide.mcu.externaltools.gnu-tools-for-stm32.10.3-2021.10.win32_1.0.0.202111181127/tools/bin/../lib/gcc/arm-none-eabi/10.3.1/../../../../arm-none-eabi/lib/thumb/v7-m/nofp\libc_nano.a(lib_a-impure.o)
                              c:/st/stm32cubeide_1.7.0/stm32cubeide/plugins/com.st.stm32cube.ide.mcu.externaltools.gnu-tools-for-stm32.10.3-2021.10.win32_1.0.0.202111181127/tools/bin/../lib/gcc/arm-none-eabi/10.3.1/../../../../arm-none-eabi/lib/thumb/v7-m/nofp\libc_nano.a(lib_a-exit.o) (_global_impure_ptr)
c:/st/stm32cubeide_1.7.0/stm32cubeide/plugins/com.st.stm32cube.ide.mcu.externaltools.gnu-tools-for-stm32.10.3-2021.10.win32_1.0.0.202111181127/tools/bin/../lib/gcc/arm-none-eabi/10.3.1/../../../../arm-none-eabi/lib/thumb/v7-m/nofp\libc_nano.a(lib_a-init.o)
                              c:/st/stm32cubeide_1.7.0/stm32cubeide/plugins/com.st.stm32cube.ide.mcu.externaltools.gnu-tools-for-stm32.10.3-2021.10.win32_1.0.0.202111181127/tools/bin/../lib/gcc/arm-none-eabi/10.3.1/../../../../arm-none-eabi/lib/thumb/v7-m/nofp/crt0.o (__libc_init_array)
c:/st/stm32cubeide_1.7.0/stm32cubeide/plugins/com.st.stm32cube.ide.mcu.externaltools.gnu-tools-for-stm32.10.3-2021.10.win32_1.0.0.202111181127/tools/bin/../lib/gcc/arm-none-eabi/10.3.1/../../../../arm-none-eabi/lib/thumb/v7-m/nofp\libc_nano.a(lib_a-memcpy-stub.o)
                              ./Middlewares/Third_Party/FreeRTOS/Source/CMSIS_RTOS_V2/cmsis_os2.o (memcpy)
c:/st/stm32cubeide_1.7.0/stm32cubeide/plugins/com.st.stm32cube.ide.mcu.externaltools.gnu-tools-for-stm32.10.3-2021.10.win32_1.0.0.202111181127/tools/bin/../lib/gcc/arm-none-eabi/10.3.1/../../../../arm-none-eabi/lib/thumb/v7-m/nofp\libc_nano.a(lib_a-memmove.o)
                              ./holse/emCLI.o (memmove)
c:/st/stm32cubeide_1.7.0/stm32cubeide/plugins/com.st.stm32cube.ide.mcu.externaltools.gnu-tools-for-stm32.10.3-2021.10.win32_1.0.0.202111181127/tools/bin/../lib/gcc/arm-none-eabi/10.3.1/../../../../arm-none-eabi/lib/thumb/v7-m/nofp\libc_nano.a(lib_a-memset.o)
                              c:/st/stm32cubeide_1.7.0/stm32cubeide/plugins/com.st.stm32cube.ide.mcu.externaltools.gnu-tools-for-stm32.10.3-2021.10.win32_1.0.0.202111181127/tools/bin/../lib/gcc/arm-none-eabi/10.3.1/../../../../arm-none-eabi/lib/thumb/v7-m/nofp/crt0.o (memset)
c:/st/stm32cubeide_1.7.0/stm32cubeide/plugins/com.st.stm32cube.ide.mcu.externaltools.gnu-tools-for-stm32.10.3-2021.10.win32_1.0.0.202111181127/tools/bin/../lib/gcc/arm-none-eabi/10.3.1/../../../../arm-none-eabi/lib/thumb/v7-m/nofp\libc_nano.a(lib_a-snprintf.o)
                              ./USB_DEVICE/App/usbd_cdc_if.o (snprintf)
c:/st/stm32cubeide_1.7.0/stm32cubeide/plugins/com.st.stm32cube.ide.mcu.externaltools.gnu-tools-for-stm32.10.3-2021.10.win32_1.0.0.202111181127/tools/bin/../lib/gcc/arm-none-eabi/10.3.1/../../../../arm-none-eabi/lib/thumb/v7-m/nofp\libc_nano.a(lib_a-sscanf.o)
                              ./holse/emCLI.o (sscanf)
c:/st/stm32cubeide_1.7.0/stm32cubeide/plugins/com.st.stm32cube.ide.mcu.externaltools.gnu-tools-for-stm32.10.3-2021.10.win32_1.0.0.202111181127/tools/bin/../lib/gcc/arm-none-eabi/10.3.1/../../../../arm-none-eabi/lib/thumb/v7-m/nofp\libc_nano.a(lib_a-stdio.o)
                              c:/st/stm32cubeide_1.7.0/stm32cubeide/plugins/com.st.stm32cube.ide.mcu.externaltools.gnu-tools-for-stm32.10.3-2021.10.win32_1.0.0.202111181127/tools/bin/../lib/gcc/arm-none-eabi/10.3.1/../../../../arm-none-eabi/lib/thumb/v7-m/nofp\libc_nano.a(lib_a-sscanf.o) (__seofread)
[...]
Memory Configuration

Name             Origin             Length             Attributes
RAM              0x0000000020000000 0x0000000000005000 xrw
FLASH            0x0000000008000000 0x0000000000020000 xr
*default*        0x0000000000000000 0xffffffffffffffff

Linker script and memory map

LOAD c:/st/stm32cubeide_1.7.0/stm32cubeide/plugins/com.st.stm32cube.ide.mcu.externaltools.gnu-tools-for-stm32.10.3-2021.10.win32_1.0.0.202111181127/tools/bin/../lib/gcc/arm-none-eabi/10.3.1/thumb/v7-m/nofp/crti.o
LOAD c:/st/stm32cubeide_1.7.0/stm32cubeide/plugins/com.st.stm32cube.ide.mcu.externaltools.gnu-tools-for-stm32.10.3-2021.10.win32_1.0.0.202111181127/tools/bin/../lib/gcc/arm-none-eabi/10.3.1/thumb/v7-m/nofp/crtbegin.o
LOAD c:/st/stm32cubeide_1.7.0/stm32cubeide/plugins/com.st.stm32cube.ide.mcu.externaltools.gnu-tools-for-stm32.10.3-2021.10.win32_1.0.0.202111181127/tools/bin/../lib/gcc/arm-none-eabi/10.3.1/../../../../arm-none-eabi/lib/thumb/v7-m/nofp/crt0.o
LOAD ./Core/Src/freertos.o
LOAD ./Core/Src/gpio.o
LOAD ./Core/Src/main.o
LOAD ./Core/Src/rtc.o
LOAD ./Core/Src/spi.o
LOAD ./Core/Src/stm32f1xx_hal_msp.o
LOAD ./Core/Src/stm32f1xx_hal_timebase_tim.o
LOAD ./Core/Src/stm32f1xx_it.o
LOAD ./Core/Src/syscalls.o
LOAD ./Core/Src/sysmem.o
LOAD ./Core/Src/system_stm32f1xx.o
LOAD ./Core/Startup/startup_stm32f103cbtx.o
LOAD ./Drivers/STM32F1xx_HAL_Driver/Src/stm32f1xx_hal.o
LOAD ./Drivers/STM32F1xx_HAL_Driver/Src/stm32f1xx_hal_cortex.o
LOAD ./Drivers/STM32F1xx_HAL_Driver/Src/stm32f1xx_hal_dma.o
LOAD ./Drivers/STM32F1xx_HAL_Driver/Src/stm32f1xx_hal_exti.o
LOAD ./Drivers/STM32F1xx_HAL_Driver/Src/stm32f1xx_hal_flash.o
LOAD ./Drivers/STM32F1xx_HAL_Driver/Src/stm32f1xx_hal_flash_ex.o
LOAD ./Drivers/STM32F1xx_HAL_Driver/Src/stm32f1xx_hal_gpio.o
LOAD ./Drivers/STM32F1xx_HAL_Driver/Src/stm32f1xx_hal_gpio_ex.o
LOAD ./Drivers/STM32F1xx_HAL_Driver/Src/stm32f1xx_hal_pcd.o
LOAD ./Drivers/STM32F1xx_HAL_Driver/Src/stm32f1xx_hal_pcd_ex.o
LOAD ./Drivers/STM32F1xx_HAL_Driver/Src/stm32f1xx_hal_pwr.o
LOAD ./Drivers/STM32F1xx_HAL_Driver/Src/stm32f1xx_hal_rcc.o
LOAD ./Drivers/STM32F1xx_HAL_Driver/Src/stm32f1xx_hal_rcc_ex.o
LOAD ./Drivers/STM32F1xx_HAL_Driver/Src/stm32f1xx_hal_rtc.o
LOAD ./Drivers/STM32F1xx_HAL_Driver/Src/stm32f1xx_hal_rtc_ex.o
LOAD ./Drivers/STM32F1xx_HAL_Driver/Src/stm32f1xx_hal_spi.o
LOAD ./Drivers/STM32F1xx_HAL_Driver/Src/stm32f1xx_hal_tim.o
LOAD ./Drivers/STM32F1xx_HAL_Driver/Src/stm32f1xx_hal_tim_ex.o
LOAD ./Drivers/STM32F1xx_HAL_Driver/Src/stm32f1xx_ll_usb.o
LOAD ./Middlewares/ST/STM32_USB_Device_Library/Class/CDC/Src/usbd_cdc.o
LOAD ./Middlewares/ST/STM32_USB_Device_Library/Core/Src/usbd_core.o
LOAD ./Middlewares/ST/STM32_USB_Device_Library/Core/Src/usbd_ctlreq.o
LOAD ./Middlewares/ST/STM32_USB_Device_Library/Core/Src/usbd_ioreq.o
LOAD ./Middlewares/Third_Party/FreeRTOS/Source/CMSIS_RTOS_V2/cmsis_os2.o
LOAD ./Middlewares/Third_Party/FreeRTOS/Source/croutine.o
LOAD ./Middlewares/Third_Party/FreeRTOS/Source/event_groups.o
LOAD ./Middlewares/Third_Party/FreeRTOS/Source/list.o
LOAD ./Middlewares/Third_Party/FreeRTOS/Source/queue.o
LOAD ./Middlewares/Third_Party/FreeRTOS/Source/stream_buffer.o
LOAD ./Middlewares/Third_Party/FreeRTOS/Source/tasks.o
LOAD ./Middlewares/Third_Party/FreeRTOS/Source/timers.o
LOAD ./Middlewares/Third_Party/FreeRTOS/Source/portable/GCC/ARM_CM3/port.o
LOAD ./Middlewares/Third_Party/FreeRTOS/Source/portable/MemMang/heap_4.o
LOAD ./USB_DEVICE/App/usb_device.o
LOAD ./USB_DEVICE/App/usbd_cdc_if.o
LOAD ./USB_DEVICE/App/usbd_desc.o
LOAD ./USB_DEVICE/Target/usbd_conf.o
LOAD ./holse/STM32_EEPROM_SPI.o
LOAD ./holse/config.o
LOAD ./holse/cons.o
LOAD ./holse/emCLI.o
LOAD ./holse/io.o
LOAD ./holse/leds_walk.o
START GROUP
LOAD c:/st/stm32cubeide_1.7.0/stm32cubeide/plugins/com.st.stm32cube.ide.mcu.externaltools.gnu-tools-for-stm32.10.3-2021.10.win32_1.0.0.202111181127/tools/bin/../lib/gcc/arm-none-eabi/10.3.1/../../../../arm-none-eabi/lib/thumb/v7-m/nofp\libstdc++_nano.a
LOAD c:/st/stm32cubeide_1.7.0/stm32cubeide/plugins/com.st.stm32cube.ide.mcu.externaltools.gnu-tools-for-stm32.10.3-2021.10.win32_1.0.0.202111181127/tools/bin/../lib/gcc/arm-none-eabi/10.3.1/../../../../arm-none-eabi/lib/thumb/v7-m/nofp\libsupc++_nano.a
END GROUP
LOAD c:/st/stm32cubeide_1.7.0/stm32cubeide/plugins/com.st.stm32cube.ide.mcu.externaltools.gnu-tools-for-stm32.10.3-2021.10.win32_1.0.0.202111181127/tools/bin/../lib/gcc/arm-none-eabi/10.3.1/../../../../arm-none-eabi/lib/thumb/v7-m/nofp\libstdc++_nano.a
LOAD c:/st/stm32cubeide_1.7.0/stm32cubeide/plugins/com.st.stm32cube.ide.mcu.externaltools.gnu-tools-for-stm32.10.3-2021.10.win32_1.0.0.202111181127/tools/bin/../lib/gcc/arm-none-eabi/10.3.1/../../../../arm-none-eabi/lib/thumb/v7-m/nofp\libm.a
LOAD c:/st/stm32cubeide_1.7.0/stm32cubeide/plugins/com.st.stm32cube.ide.mcu.externaltools.gnu-tools-for-stm32.10.3-2021.10.win32_1.0.0.202111181127/tools/bin/../lib/gcc/arm-none-eabi/10.3.1/../../../../arm-none-eabi/lib/thumb/v7-m/nofp\libc_nano.a
START GROUP
LOAD c:/st/stm32cubeide_1.7.0/stm32cubeide/plugins/com.st.stm32cube.ide.mcu.externaltools.gnu-tools-for-stm32.10.3-2021.10.win32_1.0.0.202111181127/tools/bin/../lib/gcc/arm-none-eabi/10.3.1/thumb/v7-m/nofp\libgcc.a
LOAD c:/st/stm32cubeide_1.7.0/stm32cubeide/plugins/com.st.stm32cube.ide.mcu.externaltools.gnu-tools-for-stm32.10.3-2021.10.win32_1.0.0.202111181127/tools/bin/../lib/gcc/arm-none-eabi/10.3.1/../../../../arm-none-eabi/lib/thumb/v7-m/nofp\libc_nano.a
END GROUP
START GROUP
LOAD c:/st/stm32cubeide_1.7.0/stm32cubeide/plugins/com.st.stm32cube.ide.mcu.externaltools.gnu-tools-for-stm32.10.3-2021.10.win32_1.0.0.202111181127/tools/bin/../lib/gcc/arm-none-eabi/10.3.1/thumb/v7-m/nofp\libgcc.a
LOAD c:/st/stm32cubeide_1.7.0/stm32cubeide/plugins/com.st.stm32cube.ide.mcu.externaltools.gnu-tools-for-stm32.10.3-2021.10.win32_1.0.0.202111181127/tools/bin/../lib/gcc/arm-none-eabi/10.3.1/../../../../arm-none-eabi/lib/thumb/v7-m/nofp\libc_nano.a
LOAD c:/st/stm32cubeide_1.7.0/stm32cubeide/plugins/com.st.stm32cube.ide.mcu.externaltools.gnu-tools-for-stm32.10.3-2021.10.win32_1.0.0.202111181127/tools/bin/../lib/gcc/arm-none-eabi/10.3.1/../../../../arm-none-eabi/lib/thumb/v7-m/nofp\libnosys.a
END GROUP
START GROUP
LOAD c:/st/stm32cubeide_1.7.0/stm32cubeide/plugins/com.st.stm32cube.ide.mcu.externaltools.gnu-tools-for-stm32.10.3-2021.10.win32_1.0.0.202111181127/tools/bin/../lib/gcc/arm-none-eabi/10.3.1/thumb/v7-m/nofp\libgcc.a
LOAD c:/st/stm32cubeide_1.7.0/stm32cubeide/plugins/com.st.stm32cube.ide.mcu.externaltools.gnu-tools-for-stm32.10.3-2021.10.win32_1.0.0.202111181127/tools/bin/../lib/gcc/arm-none-eabi/10.3.1/../../../../arm-none-eabi/lib/thumb/v7-m/nofp\libc_nano.a
LOAD c:/st/stm32cubeide_1.7.0/stm32cubeide/plugins/com.st.stm32cube.ide.mcu.externaltools.gnu-tools-for-stm32.10.3-2021.10.win32_1.0.0.202111181127/tools/bin/../lib/gcc/arm-none-eabi/10.3.1/../../../../arm-none-eabi/lib/thumb/v7-m/nofp\libnosys.a
END GROUP
LOAD c:/st/stm32cubeide_1.7.0/stm32cubeide/plugins/com.st.stm32cube.ide.mcu.externaltools.gnu-tools-for-stm32.10.3-2021.10.win32_1.0.0.202111181127/tools/bin/../lib/gcc/arm-none-eabi/10.3.1/thumb/v7-m/nofp/crtend.o
LOAD c:/st/stm32cubeide_1.7.0/stm32cubeide/plugins/com.st.stm32cube.ide.mcu.externaltools.gnu-tools-for-stm32.10.3-2021.10.win32_1.0.0.202111181127/tools/bin/../lib/gcc/arm-none-eabi/10.3.1/thumb/v7-m/nofp/crtn.o
                0x0000000020005000                _estack = (ORIGIN (RAM) + LENGTH (RAM))
                0x0000000000000200                _Min_Heap_Size = 0x200
                0x0000000000000400                _Min_Stack_Size = 0x400

.isr_vector     0x0000000008000000      0x10c
                0x0000000008000000                . = ALIGN (0x4)
 *(.isr_vector)
 .isr_vector    0x0000000008000000      0x10c ./Core/Startup/startup_stm32f103cbtx.o
                0x0000000008000000                g_pfnVectors
                0x000000000800010c                . = ALIGN (0x4)

.text           0x0000000008000110     0x91ac
                0x0000000008000110                . = ALIGN (0x4)
 *(.text)
 .text          0x0000000008000110       0x40 c:/st/stm32cubeide_1.7.0/stm32cubeide/plugins/com.st.stm32cube.ide.mcu.externaltools.gnu-tools-for-stm32.10.3-2021.10.win32_1.0.0.202111181127/tools/bin/../lib/gcc/arm-none-eabi/10.3.1/thumb/v7-m/nofp/crtbegin.o
 .text          0x0000000008000150       0x14 c:/st/stm32cubeide_1.7.0/stm32cubeide/plugins/com.st.stm32cube.ide.mcu.externaltools.gnu-tools-for-stm32.10.3-2021.10.win32_1.0.0.202111181127/tools/bin/../lib/gcc/arm-none-eabi/10.3.1/../../../../arm-none-eabi/lib/thumb/v7-m/nofp\libc_nano.a(lib_a-strcmp.o)
                0x0000000008000150                strcmp
 .text          0x0000000008000164       0x10 c:/st/stm32cubeide_1.7.0/stm32cubeide/plugins/com.st.stm32cube.ide.mcu.externaltools.gnu-tools-for-stm32.10.3-2021.10.win32_1.0.0.202111181127/tools/bin/../lib/gcc/arm-none-eabi/10.3.1/../../../../arm-none-eabi/lib/thumb/v7-m/nofp\libc_nano.a(lib_a-strlen.o)
                0x0000000008000164                strlen
 *(.text*)
 .text.StartDefaultTask
                0x0000000008000174       0x40 ./Core/Src/freertos.o
                0x0000000008000174                StartDefaultTask
 .text.StartMyBtnTask
                0x00000000080001b4       0x54 ./Core/Src/freertos.o
                0x00000000080001b4                StartMyBtnTask
 .text.MX_FREERTOS_Init
                0x0000000008000208       0x38 ./Core/Src/freertos.o
                0x0000000008000208                MX_FREERTOS_Init
 .text.MX_GPIO_Init
                0x0000000008000240       0xbc ./Core/Src/gpio.o
                0x0000000008000240                MX_GPIO_Init
 .text.HAL_TIM_PeriodElapsedCallback
                0x00000000080002fc       0x14 ./Core/Src/main.o
                0x00000000080002fc                HAL_TIM_PeriodElapsedCallback
 .text.Error_Handler
                0x0000000008000310       0x30 ./Core/Src/main.o
                0x0000000008000310                Error_Handler
 .text.SystemClock_Config
                0x0000000008000340       0x84 ./Core/Src/main.o
                0x0000000008000340                SystemClock_Config
 .text.startup.main
                0x00000000080003c4       0x28 ./Core/Src/main.o
                0x00000000080003c4                main
 .text.MX_RTC_Init
                0x00000000080003ec       0x2c ./Core/Src/rtc.o
                0x00000000080003ec                MX_RTC_Init
 .text.HAL_RTC_MspInit
                0x0000000008000418       0x3c ./Core/Src/rtc.o
                0x0000000008000418                HAL_RTC_MspInit
 .text.MX_SPI1_Init
                0x0000000008000454       0x44 ./Core/Src/spi.o
                0x0000000008000454                MX_SPI1_Init
 .text.MX_SPI2_Init
                0x0000000008000498       0x44 ./Core/Src/spi.o
                0x0000000008000498                MX_SPI2_Init
 .text.HAL_SPI_MspInit
                0x00000000080004dc       0xd4 ./Core/Src/spi.o
                0x00000000080004dc                HAL_SPI_MspInit
 .text.HAL_MspInit
                0x00000000080005b0       0x50 ./Core/Src/stm32f1xx_hal_msp.o
                0x00000000080005b0                HAL_MspInit
 .text.HAL_InitTick
                0x0000000008000600       0x78 ./Core/Src/stm32f1xx_hal_timebase_tim.o
                0x0000000008000600                HAL_InitTick
 .text.NMI_Handler
                0x0000000008000678        0x2 ./Core/Src/stm32f1xx_it.o
                0x0000000008000678                NMI_Handler
 .text.HardFault_Handler
                0x000000000800067a        0x2 ./Core/Src/stm32f1xx_it.o
                0x000000000800067a                HardFault_Handler
 .text.MemManage_Handler
                0x000000000800067c        0x2 ./Core/Src/stm32f1xx_it.o
                0x000000000800067c                MemManage_Handler
 .text.BusFault_Handler
                0x000000000800067e        0x2 ./Core/Src/stm32f1xx_it.o
                0x000000000800067e                BusFault_Handler
 .text.UsageFault_Handler
                0x0000000008000680        0x2 ./Core/Src/stm32f1xx_it.o
                0x0000000008000680                UsageFault_Handler
 .text.DebugMon_Handler
                0x0000000008000682        0x2 ./Core/Src/stm32f1xx_it.o
                0x0000000008000682                DebugMon_Handler
 .text.USB_LP_CAN1_RX0_IRQHandler
                0x0000000008000684        0xc ./Core/Src/stm32f1xx_it.o
                0x0000000008000684                USB_LP_CAN1_RX0_IRQHandler
 .text.TIM4_IRQHandler
                0x0000000008000690        0xc ./Core/Src/stm32f1xx_it.o
                0x0000000008000690                TIM4_IRQHandler
 .text._getpid  0x000000000800069c        0x4 ./Core/Src/syscalls.o
                0x000000000800069c                _getpid
 .text._kill    0x00000000080006a0       0x10 ./Core/Src/syscalls.o
                0x00000000080006a0                _kill
 .text._exit    0x00000000080006b0        0xc ./Core/Src/syscalls.o
                0x00000000080006b0                _exit
 .text._read    0x00000000080006bc       0x1c ./Core/Src/syscalls.o
                0x00000000080006bc                _read
 .text._write   0x00000000080006d8       0x1c ./Core/Src/syscalls.o
                0x00000000080006d8                _write
 .text._close   0x00000000080006f4        0x6 ./Core/Src/syscalls.o
                0x00000000080006f4                _close
 .text._fstat   0x00000000080006fa        0xa ./Core/Src/syscalls.o
                0x00000000080006fa                _fstat
 .text._isatty  0x0000000008000704        0x4 ./Core/Src/syscalls.o
                0x0000000008000704                _isatty
 .text._lseek   0x0000000008000708        0x4 ./Core/Src/syscalls.o
                0x0000000008000708                _lseek
 .text._sbrk    0x000000000800070c       0x40 ./Core/Src/sysmem.o
                0x000000000800070c                _sbrk
 .text.SystemInit
                0x000000000800074c        0x2 ./Core/Src/system_stm32f1xx.o
                0x000000000800074c                SystemInit
 *fill*         0x000000000800074e        0x2 
 .text.Reset_Handler
                0x0000000008000750       0x48 ./Core/Startup/startup_stm32f103cbtx.o
                0x0000000008000750                Reset_Handler
 .text.Default_Handler
                0x0000000008000798        0x2 ./Core/Startup/startup_stm32f103cbtx.o
                0x0000000008000798                RTC_Alarm_IRQHandler
                0x0000000008000798                EXTI2_IRQHandler
                0x0000000008000798                TIM1_CC_IRQHandler
                0x0000000008000798                PVD_IRQHandler
                0x0000000008000798                EXTI3_IRQHandler
                0x0000000008000798                EXTI0_IRQHandler
                0x0000000008000798                I2C2_EV_IRQHandler
                0x0000000008000798                ADC1_2_IRQHandler
                0x0000000008000798                SPI1_IRQHandler
                0x0000000008000798                TAMPER_IRQHandler
                0x0000000008000798                DMA1_Channel4_IRQHandler
                0x0000000008000798                USART3_IRQHandler
                0x0000000008000798                RTC_IRQHandler
                0x0000000008000798                DMA1_Channel7_IRQHandler
                0x0000000008000798                CAN1_RX1_IRQHandler
                0x0000000008000798                I2C1_EV_IRQHandler
                0x0000000008000798                DMA1_Channel6_IRQHandler
                0x0000000008000798                TIM3_IRQHandler
                0x0000000008000798                RCC_IRQHandler
                0x0000000008000798                TIM1_TRG_COM_IRQHandler
                0x0000000008000798                DMA1_Channel1_IRQHandler
                0x0000000008000798                Default_Handler
                0x0000000008000798                EXTI15_10_IRQHandler
                0x0000000008000798                EXTI9_5_IRQHandler
                0x0000000008000798                SPI2_IRQHandler
                0x0000000008000798                DMA1_Channel5_IRQHandler
                0x0000000008000798                EXTI4_IRQHandler
                0x0000000008000798                USB_HP_CAN1_TX_IRQHandler
                0x0000000008000798                DMA1_Channel3_IRQHandler
                0x0000000008000798                TIM1_UP_IRQHandler
                0x0000000008000798                WWDG_IRQHandler
                0x0000000008000798                TIM2_IRQHandler
                0x0000000008000798                TIM1_BRK_IRQHandler
                0x0000000008000798                EXTI1_IRQHandler
                0x0000000008000798                USART2_IRQHandler
                0x0000000008000798                I2C2_ER_IRQHandler
                0x0000000008000798                DMA1_Channel2_IRQHandler
                0x0000000008000798                CAN1_SCE_IRQHandler
                0x0000000008000798                FLASH_IRQHandler
                0x0000000008000798                USART1_IRQHandler
                0x0000000008000798                I2C1_ER_IRQHandler
                0x0000000008000798                USBWakeUp_IRQHandler
 *fill*         0x000000000800079a        0x2 
 .text.HAL_Init
                0x000000000800079c       0x24 ./Drivers/STM32F1xx_HAL_Driver/Src/stm32f1xx_hal.o
                0x000000000800079c                HAL_Init
 .text.HAL_IncTick
                0x00000000080007c0       0x18 ./Drivers/STM32F1xx_HAL_Driver/Src/stm32f1xx_hal.o
                0x00000000080007c0                HAL_IncTick
 .text.HAL_GetTick
                0x00000000080007d8        0xc ./Drivers/STM32F1xx_HAL_Driver/Src/stm32f1xx_hal.o
                0x00000000080007d8                HAL_GetTick
 .text.HAL_Delay
                0x00000000080007e4       0x24 ./Drivers/STM32F1xx_HAL_Driver/Src/stm32f1xx_hal.o
                0x00000000080007e4                HAL_Delay
 .text.HAL_NVIC_SetPriorityGrouping
                0x0000000008000808       0x24 ./Drivers/STM32F1xx_HAL_Driver/Src/stm32f1xx_hal_cortex.o
                0x0000000008000808                HAL_NVIC_SetPriorityGrouping
 .text.HAL_NVIC_SetPriority
                0x000000000800082c       0x64 ./Drivers/STM32F1xx_HAL_Driver/Src/stm32f1xx_hal_cortex.o
                0x000000000800082c                HAL_NVIC_SetPriority
 .text.HAL_NVIC_EnableIRQ
                0x0000000008000890       0x1c ./Drivers/STM32F1xx_HAL_Driver/Src/stm32f1xx_hal_cortex.o
                0x0000000008000890                HAL_NVIC_EnableIRQ
 .text.HAL_GPIO_Init
                0x00000000080008ac      0x1b4 ./Drivers/STM32F1xx_HAL_Driver/Src/stm32f1xx_hal_gpio.o
                0x00000000080008ac                HAL_GPIO_Init
 .text.HAL_GPIO_ReadPin
                0x0000000008000a60        0xc ./Drivers/STM32F1xx_HAL_Driver/Src/stm32f1xx_hal_gpio.o
                0x0000000008000a60                HAL_GPIO_ReadPin
 .text.HAL_GPIO_WritePin
                0x0000000008000a6c        0xa ./Drivers/STM32F1xx_HAL_Driver/Src/stm32f1xx_hal_gpio.o
                0x0000000008000a6c                HAL_GPIO_WritePin
 .text.HAL_GPIO_TogglePin
                0x0000000008000a76       0x12 ./Drivers/STM32F1xx_HAL_Driver/Src/stm32f1xx_hal_gpio.o
                0x0000000008000a76                HAL_GPIO_TogglePin
 .text.HAL_PCD_Init
                0x0000000008000a88       0xf2 ./Drivers/STM32F1xx_HAL_Driver/Src/stm32f1xx_hal_pcd.o
                0x0000000008000a88                HAL_PCD_Init
 .text.HAL_PCD_Start
                0x0000000008000b7a       0x32 ./Drivers/STM32F1xx_HAL_Driver/Src/stm32f1xx_hal_pcd.o
                0x0000000008000b7a                HAL_PCD_Start
 .text.HAL_PCD_SetAddress
                0x0000000008000bac       0x28 ./Drivers/STM32F1xx_HAL_Driver/Src/stm32f1xx_hal_pcd.o
                0x0000000008000bac                HAL_PCD_SetAddress
 .text.HAL_PCD_IRQHandler
                0x0000000008000bd4      0x968 ./Drivers/STM32F1xx_HAL_Driver/Src/stm32f1xx_hal_pcd.o
                0x0000000008000bd4                HAL_PCD_IRQHandler
 .text.HAL_PCD_EP_Open
                0x000000000800153c       0x62 ./Drivers/STM32F1xx_HAL_Driver/Src/stm32f1xx_hal_pcd.o
                0x000000000800153c                HAL_PCD_EP_Open
 .text.HAL_PCD_EP_Close
                0x000000000800159e       0x50 ./Drivers/STM32F1xx_HAL_Driver/Src/stm32f1xx_hal_pcd.o
                0x000000000800159e                HAL_PCD_EP_Close
 .text.HAL_PCD_EP_Receive
                0x00000000080015ee       0x2e ./Drivers/STM32F1xx_HAL_Driver/Src/stm32f1xx_hal_pcd.o
                0x00000000080015ee                HAL_PCD_EP_Receive
 .text.HAL_PCD_EP_GetRxCount
                0x000000000800161c       0x10 ./Drivers/STM32F1xx_HAL_Driver/Src/stm32f1xx_hal_pcd.o
                0x000000000800161c                HAL_PCD_EP_GetRxCount
 .text.HAL_PCD_EP_Transmit
                0x000000000800162c       0x34 ./Drivers/STM32F1xx_HAL_Driver/Src/stm32f1xx_hal_pcd.o
                0x000000000800162c                HAL_PCD_EP_Transmit
 .text.HAL_PCD_EP_SetStall
                0x0000000008001660       0x68 ./Drivers/STM32F1xx_HAL_Driver/Src/stm32f1xx_hal_pcd.o
                0x0000000008001660                HAL_PCD_EP_SetStall
 .text.HAL_PCD_EP_ClrStall
                0x00000000080016c8       0x62 ./Drivers/STM32F1xx_HAL_Driver/Src/stm32f1xx_hal_pcd.o
                0x00000000080016c8                HAL_PCD_EP_ClrStall
 .text.HAL_PCDEx_PMAConfig
                0x000000000800172a       0x32 ./Drivers/STM32F1xx_HAL_Driver/Src/stm32f1xx_hal_pcd_ex.o
                0x000000000800172a                HAL_PCDEx_PMAConfig
 .text.HAL_PWR_EnableBkUpAccess
                0x000000000800175c        0xc ./Drivers/STM32F1xx_HAL_Driver/Src/stm32f1xx_hal_pwr.o
                0x000000000800175c                HAL_PWR_EnableBkUpAccess
 .text.HAL_RCC_OscConfig
                0x0000000008001768      0x338 ./Drivers/STM32F1xx_HAL_Driver/Src/stm32f1xx_hal_rcc.o
                0x0000000008001768                HAL_RCC_OscConfig
 .text.HAL_RCC_GetSysClockFreq
                0x0000000008001aa0       0x74 ./Drivers/STM32F1xx_HAL_Driver/Src/stm32f1xx_hal_rcc.o
                0x0000000008001aa0                HAL_RCC_GetSysClockFreq
 .text.HAL_RCC_ClockConfig
                0x0000000008001b14      0x138 ./Drivers/STM32F1xx_HAL_Driver/Src/stm32f1xx_hal_rcc.o
                0x0000000008001b14                HAL_RCC_ClockConfig
 .text.HAL_RCC_GetPCLK1Freq
                0x0000000008001c4c       0x20 ./Drivers/STM32F1xx_HAL_Driver/Src/stm32f1xx_hal_rcc.o
                0x0000000008001c4c                HAL_RCC_GetPCLK1Freq
 .text.HAL_RCC_GetPCLK2Freq
                0x0000000008001c6c       0x20 ./Drivers/STM32F1xx_HAL_Driver/Src/stm32f1xx_hal_rcc.o
                0x0000000008001c6c                HAL_RCC_GetPCLK2Freq
 .text.HAL_RCC_GetClockConfig
                0x0000000008001c8c       0x3c ./Drivers/STM32F1xx_HAL_Driver/Src/stm32f1xx_hal_rcc.o
                0x0000000008001c8c                HAL_RCC_GetClockConfig
 .text.HAL_RCCEx_PeriphCLKConfig
                0x0000000008001cc8       0xf4 ./Drivers/STM32F1xx_HAL_Driver/Src/stm32f1xx_hal_rcc_ex.o
                0x0000000008001cc8                HAL_RCCEx_PeriphCLKConfig
 .text.HAL_RCCEx_GetPeriphCLKFreq
                0x0000000008001dbc       0xe4 ./Drivers/STM32F1xx_HAL_Driver/Src/stm32f1xx_hal_rcc_ex.o
                0x0000000008001dbc                HAL_RCCEx_GetPeriphCLKFreq
 .text.RTC_EnterInitMode
                0x0000000008001ea0       0x2e ./Drivers/STM32F1xx_HAL_Driver/Src/stm32f1xx_hal_rtc.o
 .text.RTC_ExitInitMode
                0x0000000008001ece       0x30 ./Drivers/STM32F1xx_HAL_Driver/Src/stm32f1xx_hal_rtc.o
 .text.HAL_RTC_WaitForSynchro
                0x0000000008001efe       0x36 ./Drivers/STM32F1xx_HAL_Driver/Src/stm32f1xx_hal_rtc.o
                0x0000000008001efe                HAL_RTC_WaitForSynchro
 .text.HAL_RTC_Init
                0x0000000008001f34       0x9c ./Drivers/STM32F1xx_HAL_Driver/Src/stm32f1xx_hal_rtc.o
                0x0000000008001f34                HAL_RTC_Init
 .text.SPI_WaitFlagStateUntilTimeout.constprop.0
                0x0000000008001fd0       0xac ./Drivers/STM32F1xx_HAL_Driver/Src/stm32f1xx_hal_spi.o
 .text.SPI_EndRxTransaction
                0x000000000800207c       0x4e ./Drivers/STM32F1xx_HAL_Driver/Src/stm32f1xx_hal_spi.o
 .text.SPI_EndRxTxTransaction
                0x00000000080020ca       0x1c ./Drivers/STM32F1xx_HAL_Driver/Src/stm32f1xx_hal_spi.o
 .text.HAL_SPI_Init
                0x00000000080020e6       0xb0 ./Drivers/STM32F1xx_HAL_Driver/Src/stm32f1xx_hal_spi.o
                0x00000000080020e6                HAL_SPI_Init
 .text.HAL_SPI_Transmit
                0x0000000008002196      0x15a ./Drivers/STM32F1xx_HAL_Driver/Src/stm32f1xx_hal_spi.o
                0x0000000008002196                HAL_SPI_Transmit
 .text.HAL_SPI_TransmitReceive
                0x00000000080022f0      0x1e8 ./Drivers/STM32F1xx_HAL_Driver/Src/stm32f1xx_hal_spi.o
                0x00000000080022f0                HAL_SPI_TransmitReceive
 .text.HAL_SPI_Receive
                0x00000000080024d8      0x148 ./Drivers/STM32F1xx_HAL_Driver/Src/stm32f1xx_hal_spi.o
                0x00000000080024d8                HAL_SPI_Receive
 .text.HAL_TIM_Base_MspInit
                0x0000000008002620        0x2 ./Drivers/STM32F1xx_HAL_Driver/Src/stm32f1xx_hal_tim.o
                0x0000000008002620                HAL_TIM_Base_MspInit
 *fill*         0x0000000008002622        0x2 
 .text.HAL_TIM_Base_Start_IT
                0x0000000008002624       0x54 ./Drivers/STM32F1xx_HAL_Driver/Src/stm32f1xx_hal_tim.o
                0x0000000008002624                HAL_TIM_Base_Start_IT
 .text.HAL_TIM_OC_DelayElapsedCallback
                0x0000000008002678        0x2 ./Drivers/STM32F1xx_HAL_Driver/Src/stm32f1xx_hal_tim.o
                0x0000000008002678                HAL_TIM_OC_DelayElapsedCallback
 .text.HAL_TIM_IC_CaptureCallback
                0x000000000800267a        0x2 ./Drivers/STM32F1xx_HAL_Driver/Src/stm32f1xx_hal_tim.o
                0x000000000800267a                HAL_TIM_IC_CaptureCallback
 .text.HAL_TIM_PWM_PulseFinishedCallback
                0x000000000800267c        0x2 ./Drivers/STM32F1xx_HAL_Driver/Src/stm32f1xx_hal_tim.o
                0x000000000800267c                HAL_TIM_PWM_PulseFinishedCallback
 .text.HAL_TIM_TriggerCallback
                0x000000000800267e        0x2 ./Drivers/STM32F1xx_HAL_Driver/Src/stm32f1xx_hal_tim.o
                0x000000000800267e                HAL_TIM_TriggerCallback
 .text.HAL_TIM_IRQHandler
                0x0000000008002680      0x144 ./Drivers/STM32F1xx_HAL_Driver/Src/stm32f1xx_hal_tim.o
                0x0000000008002680                HAL_TIM_IRQHandler
 .text.TIM_Base_SetConfig
                0x00000000080027c4       0x70 ./Drivers/STM32F1xx_HAL_Driver/Src/stm32f1xx_hal_tim.o
                0x00000000080027c4                TIM_Base_SetConfig
 .text.HAL_TIM_Base_Init
                0x0000000008002834       0x58 ./Drivers/STM32F1xx_HAL_Driver/Src/stm32f1xx_hal_tim.o
                0x0000000008002834                HAL_TIM_Base_Init
 .text.HAL_TIMEx_CommutCallback
                0x000000000800288c        0x2 ./Drivers/STM32F1xx_HAL_Driver/Src/stm32f1xx_hal_tim_ex.o
                0x000000000800288c                HAL_TIMEx_CommutCallback
 .text.HAL_TIMEx_BreakCallback
                0x000000000800288e        0x2 ./Drivers/STM32F1xx_HAL_Driver/Src/stm32f1xx_hal_tim_ex.o
                0x000000000800288e                HAL_TIMEx_BreakCallback
 .text.USB_CoreInit
                0x0000000008002890        0xe ./Drivers/STM32F1xx_HAL_Driver/Src/stm32f1xx_ll_usb.o
                0x0000000008002890                USB_CoreInit
 .text.USB_EnableGlobalInt
                0x000000000800289e       0x12 ./Drivers/STM32F1xx_HAL_Driver/Src/stm32f1xx_ll_usb.o
                0x000000000800289e                USB_EnableGlobalInt
 .text.USB_DisableGlobalInt
                0x00000000080028b0       0x14 ./Drivers/STM32F1xx_HAL_Driver/Src/stm32f1xx_ll_usb.o
                0x00000000080028b0                USB_DisableGlobalInt
 .text.USB_SetCurrentMode
                0x00000000080028c4        0x4 ./Drivers/STM32F1xx_HAL_Driver/Src/stm32f1xx_ll_usb.o
                0x00000000080028c4                USB_SetCurrentMode
 .text.USB_DevInit
                0x00000000080028c8       0x28 ./Drivers/STM32F1xx_HAL_Driver/Src/stm32f1xx_ll_usb.o
                0x00000000080028c8                USB_DevInit
 .text.USB_ActivateEndpoint
                0x00000000080028f0      0x278 ./Drivers/STM32F1xx_HAL_Driver/Src/stm32f1xx_ll_usb.o
                0x00000000080028f0                USB_ActivateEndpoint
 .text.USB_DeactivateEndpoint
                0x0000000008002b68      0x1a2 ./Drivers/STM32F1xx_HAL_Driver/Src/stm32f1xx_ll_usb.o
                0x0000000008002b68                USB_DeactivateEndpoint
 .text.USB_EPSetStall
                0x0000000008002d0a       0x40 ./Drivers/STM32F1xx_HAL_Driver/Src/stm32f1xx_ll_usb.o
                0x0000000008002d0a                USB_EPSetStall
 .text.USB_EPClearStall
                0x0000000008002d4a       0x92 ./Drivers/STM32F1xx_HAL_Driver/Src/stm32f1xx_ll_usb.o
                0x0000000008002d4a                USB_EPClearStall
 .text.USB_SetDevAddress
                0x0000000008002ddc        0xc ./Drivers/STM32F1xx_HAL_Driver/Src/stm32f1xx_ll_usb.o
                0x0000000008002ddc                USB_SetDevAddress
 .text.USB_DevConnect
                0x0000000008002de8        0x4 ./Drivers/STM32F1xx_HAL_Driver/Src/stm32f1xx_ll_usb.o
                0x0000000008002de8                USB_DevConnect
 .text.USB_DevDisconnect
                0x0000000008002dec        0x4 ./Drivers/STM32F1xx_HAL_Driver/Src/stm32f1xx_ll_usb.o
                0x0000000008002dec                USB_DevDisconnect
 .text.USB_ReadInterrupts
                0x0000000008002df0        0x8 ./Drivers/STM32F1xx_HAL_Driver/Src/stm32f1xx_ll_usb.o
                0x0000000008002df0                USB_ReadInterrupts
 .text.USB_EP0_OutStart
                0x0000000008002df8        0x4 ./Drivers/STM32F1xx_HAL_Driver/Src/stm32f1xx_ll_usb.o
                0x0000000008002df8                USB_EP0_OutStart
 .text.USB_WritePMA
                0x0000000008002dfc       0x20 ./Drivers/STM32F1xx_HAL_Driver/Src/stm32f1xx_ll_usb.o
                0x0000000008002dfc                USB_WritePMA
 .text.USB_EPStartXfer
                0x0000000008002e1c      0x51c ./Drivers/STM32F1xx_HAL_Driver/Src/stm32f1xx_ll_usb.o
                0x0000000008002e1c                USB_EPStartXfer
 .text.USB_ReadPMA
                0x0000000008003338       0x38 ./Drivers/STM32F1xx_HAL_Driver/Src/stm32f1xx_ll_usb.o
                0x0000000008003338                USB_ReadPMA
 .text.USBD_CDC_EP0_RxReady
                0x0000000008003370       0x28 ./Middlewares/ST/STM32_USB_Device_Library/Class/CDC/Src/usbd_cdc.o
 .text.USBD_CDC_GetFSCfgDesc
                0x0000000008003398        0xc ./Middlewares/ST/STM32_USB_Device_Library/Class/CDC/Src/usbd_cdc.o
 .text.USBD_CDC_GetHSCfgDesc
                0x00000000080033a4        0xc ./Middlewares/ST/STM32_USB_Device_Library/Class/CDC/Src/usbd_cdc.o
 .text.USBD_CDC_GetOtherSpeedCfgDesc
                0x00000000080033b0        0xc ./Middlewares/ST/STM32_USB_Device_Library/Class/CDC/Src/usbd_cdc.o
 .text.USBD_CDC_GetDeviceQualifierDescriptor
                0x00000000080033bc        0xc ./Middlewares/ST/STM32_USB_Device_Library/Class/CDC/Src/usbd_cdc.o
                0x00000000080033bc                USBD_CDC_GetDeviceQualifierDescriptor
 .text.USBD_CDC_DataOut
                0x00000000080033c8       0x2e ./Middlewares/ST/STM32_USB_Device_Library/Class/CDC/Src/usbd_cdc.o
 .text.USBD_CDC_DataIn
                0x00000000080033f6       0x42 ./Middlewares/ST/STM32_USB_Device_Library/Class/CDC/Src/usbd_cdc.o
 .text.USBD_CDC_Setup
                0x0000000008003438       0xb6 ./Middlewares/ST/STM32_USB_Device_Library/Class/CDC/Src/usbd_cdc.o
 .text.USBD_CDC_DeInit
                0x00000000080034ee       0x42 ./Middlewares/ST/STM32_USB_Device_Library/Class/CDC/Src/usbd_cdc.o
 .text.USBD_CDC_Init
                0x0000000008003530       0xa2 ./Middlewares/ST/STM32_USB_Device_Library/Class/CDC/Src/usbd_cdc.o
 .text.USBD_CDC_RegisterInterface
                0x00000000080035d2        0xe ./Middlewares/ST/STM32_USB_Device_Library/Class/CDC/Src/usbd_cdc.o
                0x00000000080035d2                USBD_CDC_RegisterInterface
 .text.USBD_CDC_SetTxBuffer
                0x00000000080035e0       0x10 ./Middlewares/ST/STM32_USB_Device_Library/Class/CDC/Src/usbd_cdc.o
                0x00000000080035e0                USBD_CDC_SetTxBuffer
 .text.USBD_CDC_SetRxBuffer
                0x00000000080035f0        0xc ./Middlewares/ST/STM32_USB_Device_Library/Class/CDC/Src/usbd_cdc.o
                0x00000000080035f0                USBD_CDC_SetRxBuffer
 .text.USBD_CDC_TransmitPacket
                0x00000000080035fc       0x32 ./Middlewares/ST/STM32_USB_Device_Library/Class/CDC/Src/usbd_cdc.o
                0x00000000080035fc                USBD_CDC_TransmitPacket
 .text.USBD_CDC_ReceivePacket
                0x000000000800362e       0x2e ./Middlewares/ST/STM32_USB_Device_Library/Class/CDC/Src/usbd_cdc.o
                0x000000000800362e                USBD_CDC_ReceivePacket
 .text.USBD_Init
                0x000000000800365c       0x2a ./Middlewares/ST/STM32_USB_Device_Library/Core/Src/usbd_core.o
                0x000000000800365c                USBD_Init
 .text.USBD_RegisterClass
                0x0000000008003686        0xe ./Middlewares/ST/STM32_USB_Device_Library/Core/Src/usbd_core.o
                0x0000000008003686                USBD_RegisterClass
 .text.USBD_Start
                0x0000000008003694        0xa ./Middlewares/ST/STM32_USB_Device_Library/Core/Src/usbd_core.o
                0x0000000008003694                USBD_Start
 .text.USBD_SetClassConfig
                0x000000000800369e       0x16 ./Middlewares/ST/STM32_USB_Device_Library/Core/Src/usbd_core.o
                0x000000000800369e                USBD_SetClassConfig
 .text.USBD_ClrClassConfig
                0x00000000080036b4        0xe ./Middlewares/ST/STM32_USB_Device_Library/Core/Src/usbd_core.o
                0x00000000080036b4                USBD_ClrClassConfig
 .text.USBD_LL_SetupStage
                0x00000000080036c2       0x5a ./Middlewares/ST/STM32_USB_Device_Library/Core/Src/usbd_core.o
                0x00000000080036c2                USBD_LL_SetupStage
 .text.USBD_LL_DataOutStage
                0x000000000800371c       0x74 ./Middlewares/ST/STM32_USB_Device_Library/Core/Src/usbd_core.o
                0x000000000800371c                USBD_LL_DataOutStage
 .text.USBD_LL_DataInStage
                0x0000000008003790       0xb6 ./Middlewares/ST/STM32_USB_Device_Library/Core/Src/usbd_core.o
                0x0000000008003790                USBD_LL_DataInStage
 .text.USBD_LL_Reset
                0x0000000008003846       0x4e ./Middlewares/ST/STM32_USB_Device_Library/Core/Src/usbd_core.o
                0x0000000008003846                USBD_LL_Reset
 .text.USBD_LL_SetSpeed
                0x0000000008003894        0x6 ./Middlewares/ST/STM32_USB_Device_Library/Core/Src/usbd_core.o
                0x0000000008003894                USBD_LL_SetSpeed
 .text.USBD_LL_Suspend
                0x000000000800389a       0x12 ./Middlewares/ST/STM32_USB_Device_Library/Core/Src/usbd_core.o
                0x000000000800389a                USBD_LL_Suspend
 .text.USBD_LL_Resume
                0x00000000080038ac       0x14 ./Middlewares/ST/STM32_USB_Device_Library/Core/Src/usbd_core.o
                0x00000000080038ac                USBD_LL_Resume
 .text.USBD_LL_SOF
                0x00000000080038c0       0x18 ./Middlewares/ST/STM32_USB_Device_Library/Core/Src/usbd_core.o
                0x00000000080038c0                USBD_LL_SOF
 .text.USBD_CtlError.constprop.0
                0x00000000080038d8       0x16 ./Middlewares/ST/STM32_USB_Device_Library/Core/Src/usbd_ctlreq.o
 *fill*         0x00000000080038ee        0x2 
 .text.USBD_StdDevReq
                0x00000000080038f0      0x254 ./Middlewares/ST/STM32_USB_Device_Library/Core/Src/usbd_ctlreq.o
                0x00000000080038f0                USBD_StdDevReq
 .text.USBD_StdItfReq
                0x0000000008003b44       0x48 ./Middlewares/ST/STM32_USB_Device_Library/Core/Src/usbd_ctlreq.o
                0x0000000008003b44                USBD_StdItfReq
 .text.USBD_StdEPReq
                0x0000000008003b8c      0x114 ./Middlewares/ST/STM32_USB_Device_Library/Core/Src/usbd_ctlreq.o
                0x0000000008003b8c                USBD_StdEPReq
 .text.USBD_ParseSetupRequest
                0x0000000008003ca0       0x28 ./Middlewares/ST/STM32_USB_Device_Library/Core/Src/usbd_ctlreq.o
                0x0000000008003ca0                USBD_ParseSetupRequest
 .text.USBD_CtlError
                0x0000000008003cc8       0x16 ./Middlewares/ST/STM32_USB_Device_Library/Core/Src/usbd_ctlreq.o
                0x0000000008003cc8                USBD_CtlError
 .text.USBD_GetString
                0x0000000008003cde       0x38 ./Middlewares/ST/STM32_USB_Device_Library/Core/Src/usbd_ctlreq.o
                0x0000000008003cde                USBD_GetString
 .text.USBD_CtlSendData
                0x0000000008003d16       0x1a ./Middlewares/ST/STM32_USB_Device_Library/Core/Src/usbd_ioreq.o
                0x0000000008003d16                USBD_CtlSendData
 .text.USBD_CtlContinueSendData
                0x0000000008003d30       0x10 ./Middlewares/ST/STM32_USB_Device_Library/Core/Src/usbd_ioreq.o
                0x0000000008003d30                USBD_CtlContinueSendData
 .text.USBD_CtlPrepareRx
                0x0000000008003d40       0x1a ./Middlewares/ST/STM32_USB_Device_Library/Core/Src/usbd_ioreq.o
                0x0000000008003d40                USBD_CtlPrepareRx
 .text.USBD_CtlContinueRx
                0x0000000008003d5a       0x10 ./Middlewares/ST/STM32_USB_Device_Library/Core/Src/usbd_ioreq.o
                0x0000000008003d5a                USBD_CtlContinueRx
 .text.USBD_CtlSendStatus
                0x0000000008003d6a       0x16 ./Middlewares/ST/STM32_USB_Device_Library/Core/Src/usbd_ioreq.o
                0x0000000008003d6a                USBD_CtlSendStatus
 .text.USBD_CtlReceiveStatus
                0x0000000008003d80       0x16 ./Middlewares/ST/STM32_USB_Device_Library/Core/Src/usbd_ioreq.o
                0x0000000008003d80                USBD_CtlReceiveStatus
 *fill*         0x0000000008003d96        0x2 
 .text.osKernelInitialize
                0x0000000008003d98       0x38 ./Middlewares/Third_Party/FreeRTOS/Source/CMSIS_RTOS_V2/cmsis_os2.o
                0x0000000008003d98                osKernelInitialize
 .text.osKernelStart
                0x0000000008003dd0       0x40 ./Middlewares/Third_Party/FreeRTOS/Source/CMSIS_RTOS_V2/cmsis_os2.o
                0x0000000008003dd0                osKernelStart
 .text.osThreadNew
                0x0000000008003e10       0xb8 ./Middlewares/Third_Party/FreeRTOS/Source/CMSIS_RTOS_V2/cmsis_os2.o
                0x0000000008003e10                osThreadNew
 .text.osDelay  0x0000000008003ec8       0x38 ./Middlewares/Third_Party/FreeRTOS/Source/CMSIS_RTOS_V2/cmsis_os2.o
                0x0000000008003ec8                osDelay
 .text.vApplicationGetIdleTaskMemory
                0x0000000008003f00       0x18 ./Middlewares/Third_Party/FreeRTOS/Source/CMSIS_RTOS_V2/cmsis_os2.o
                0x0000000008003f00                vApplicationGetIdleTaskMemory
 .text.vApplicationGetTimerTaskMemory
                0x0000000008003f18       0x18 ./Middlewares/Third_Party/FreeRTOS/Source/CMSIS_RTOS_V2/cmsis_os2.o
                0x0000000008003f18                vApplicationGetTimerTaskMemory
 .text.vListInitialise
                0x0000000008003f30       0x16 ./Middlewares/Third_Party/FreeRTOS/Source/list.o
                0x0000000008003f30                vListInitialise
 .text.vListInitialiseItem
                0x0000000008003f46        0x6 ./Middlewares/Third_Party/FreeRTOS/Source/list.o
                0x0000000008003f46                vListInitialiseItem
 .text.vListInsertEnd
                0x0000000008003f4c       0x18 ./Middlewares/Third_Party/FreeRTOS/Source/list.o
                0x0000000008003f4c                vListInsertEnd
 .text.vListInsert
                0x0000000008003f64       0x2e ./Middlewares/Third_Party/FreeRTOS/Source/list.o
                0x0000000008003f64                vListInsert
 .text.uxListRemove
                0x0000000008003f92       0x20 ./Middlewares/Third_Party/FreeRTOS/Source/list.o
                0x0000000008003f92                uxListRemove
 .text.prvIsQueueEmpty
                0x0000000008003fb2       0x16 ./Middlewares/Third_Party/FreeRTOS/Source/queue.o
 .text.prvCopyDataToQueue
                0x0000000008003fc8       0x6a ./Middlewares/Third_Party/FreeRTOS/Source/queue.o
 .text.prvCopyDataFromQueue
                0x0000000008004032       0x28 ./Middlewares/Third_Party/FreeRTOS/Source/queue.o
 .text.prvUnlockQueue
                0x000000000800405a       0x70 ./Middlewares/Third_Party/FreeRTOS/Source/queue.o
 .text.xQueueGenericReset
                0x00000000080040ca       0x7e ./Middlewares/Third_Party/FreeRTOS/Source/queue.o
                0x00000000080040ca                xQueueGenericReset
 .text.xQueueGenericCreateStatic
                0x0000000008004148       0x9a ./Middlewares/Third_Party/FreeRTOS/Source/queue.o
                0x0000000008004148                xQueueGenericCreateStatic
 .text.xQueueGenericSend
                0x00000000080041e2      0x166 ./Middlewares/Third_Party/FreeRTOS/Source/queue.o
                0x00000000080041e2                xQueueGenericSend
 .text.xQueueGenericSendFromISR
                0x0000000008004348       0xc2 ./Middlewares/Third_Party/FreeRTOS/Source/queue.o
                0x0000000008004348                xQueueGenericSendFromISR
 .text.xQueueReceive
                0x000000000800440a      0x13e ./Middlewares/Third_Party/FreeRTOS/Source/queue.o
                0x000000000800440a                xQueueReceive
 .text.vQueueAddToRegistry
                0x0000000008004548       0x24 ./Middlewares/Third_Party/FreeRTOS/Source/queue.o
                0x0000000008004548                vQueueAddToRegistry
 .text.vQueueWaitForMessageRestricted
                0x000000000800456c       0x46 ./Middlewares/Third_Party/FreeRTOS/Source/queue.o
                0x000000000800456c                vQueueWaitForMessageRestricted
 *fill*         0x00000000080045b2        0x2 
 .text.prvIdleTask
                0x00000000080045b4       0x24 ./Middlewares/Third_Party/FreeRTOS/Source/tasks.o
 .text.prvAddNewTaskToReadyList
                0x00000000080045d8       0xec ./Middlewares/Third_Party/FreeRTOS/Source/tasks.o
 .text.prvResetNextTaskUnblockTime
                0x00000000080046c4       0x24 ./Middlewares/Third_Party/FreeRTOS/Source/tasks.o
 .text.prvAddCurrentTaskToDelayedList.constprop.0
                0x00000000080046e8       0x58 ./Middlewares/Third_Party/FreeRTOS/Source/tasks.o
 .text.prvInitialiseNewTask.constprop.0
                0x0000000008004740       0x8e ./Middlewares/Third_Party/FreeRTOS/Source/tasks.o
 .text.xTaskCreateStatic
                0x00000000080047ce       0x6e ./Middlewares/Third_Party/FreeRTOS/Source/tasks.o
                0x00000000080047ce                xTaskCreateStatic
 .text.xTaskCreate
                0x000000000800483c       0x5a ./Middlewares/Third_Party/FreeRTOS/Source/tasks.o
                0x000000000800483c                xTaskCreate
 *fill*         0x0000000008004896        0x2 
 .text.vTaskStartScheduler
                0x0000000008004898       0x8c ./Middlewares/Third_Party/FreeRTOS/Source/tasks.o
                0x0000000008004898                vTaskStartScheduler
 .text.vTaskSuspendAll
                0x0000000008004924       0x10 ./Middlewares/Third_Party/FreeRTOS/Source/tasks.o
                0x0000000008004924                vTaskSuspendAll
 .text.xTaskGetTickCount
                0x0000000008004934        0xc ./Middlewares/Third_Party/FreeRTOS/Source/tasks.o
                0x0000000008004934                xTaskGetTickCount
 .text.xTaskIncrementTick
                0x0000000008004940      0x120 ./Middlewares/Third_Party/FreeRTOS/Source/tasks.o
                0x0000000008004940                xTaskIncrementTick
 .text.xTaskResumeAll
                0x0000000008004a60       0xe8 ./Middlewares/Third_Party/FreeRTOS/Source/tasks.o
                0x0000000008004a60                xTaskResumeAll
 .text.vTaskDelay
                0x0000000008004b48       0x48 ./Middlewares/Third_Party/FreeRTOS/Source/tasks.o
                0x0000000008004b48                vTaskDelay
 .text.vTaskSwitchContext
                0x0000000008004b90       0x78 ./Middlewares/Third_Party/FreeRTOS/Source/tasks.o
                0x0000000008004b90                vTaskSwitchContext
 .text.vTaskPlaceOnEventList
                0x0000000008004c08       0x30 ./Middlewares/Third_Party/FreeRTOS/Source/tasks.o
                0x0000000008004c08                vTaskPlaceOnEventList
 .text.vTaskPlaceOnEventListRestricted
                0x0000000008004c38       0x3c ./Middlewares/Third_Party/FreeRTOS/Source/tasks.o
                0x0000000008004c38                vTaskPlaceOnEventListRestricted
 .text.xTaskRemoveFromEventList
                0x0000000008004c74       0x80 ./Middlewares/Third_Party/FreeRTOS/Source/tasks.o
                0x0000000008004c74                xTaskRemoveFromEventList
 .text.vTaskInternalSetTimeOutState
                0x0000000008004cf4       0x18 ./Middlewares/Third_Party/FreeRTOS/Source/tasks.o
                0x0000000008004cf4                vTaskInternalSetTimeOutState
 .text.xTaskCheckForTimeOut
                0x0000000008004d0c       0x74 ./Middlewares/Third_Party/FreeRTOS/Source/tasks.o
                0x0000000008004d0c                xTaskCheckForTimeOut
 .text.vTaskMissedYield
                0x0000000008004d80        0xc ./Middlewares/Third_Party/FreeRTOS/Source/tasks.o
                0x0000000008004d80                vTaskMissedYield
 .text.xTaskGetSchedulerState
                0x0000000008004d8c       0x20 ./Middlewares/Third_Party/FreeRTOS/Source/tasks.o
                0x0000000008004d8c                xTaskGetSchedulerState
 .text.xTaskPriorityDisinherit
                0x0000000008004dac       0x84 ./Middlewares/Third_Party/FreeRTOS/Source/tasks.o
                0x0000000008004dac                xTaskPriorityDisinherit
 .text.prvCheckForValidListAndQueue
                0x0000000008004e30       0x68 ./Middlewares/Third_Party/FreeRTOS/Source/timers.o
 .text.prvInsertTimerInActiveList
                0x0000000008004e98       0x3c ./Middlewares/Third_Party/FreeRTOS/Source/timers.o
 .text.xTimerCreateTimerTask
                0x0000000008004ed4       0x64 ./Middlewares/Third_Party/FreeRTOS/Source/timers.o
                0x0000000008004ed4                xTimerCreateTimerTask
 .text.xTimerGenericCommand
                0x0000000008004f38       0x58 ./Middlewares/Third_Party/FreeRTOS/Source/timers.o
                0x0000000008004f38                xTimerGenericCommand
 .text.prvSampleTimeNow
                0x0000000008004f90       0xa8 ./Middlewares/Third_Party/FreeRTOS/Source/timers.o
 .text.prvTimerTask
                0x0000000008005038      0x1b8 ./Middlewares/Third_Party/FreeRTOS/Source/timers.o
 .text.prvPortStartFirstTask
                0x00000000080051f0       0x20 ./Middlewares/Third_Party/FreeRTOS/Source/portable/GCC/ARM_CM3/port.o
 .text.prvTaskExitError
                0x0000000008005210       0x40 ./Middlewares/Third_Party/FreeRTOS/Source/portable/GCC/ARM_CM3/port.o
 .text.pxPortInitialiseStack
                0x0000000008005250       0x24 ./Middlewares/Third_Party/FreeRTOS/Source/portable/GCC/ARM_CM3/port.o
                0x0000000008005250                pxPortInitialiseStack
 *fill*         0x0000000008005274        0xc 
 .text.SVC_Handler
                0x0000000008005280       0x24 ./Middlewares/Third_Party/FreeRTOS/Source/portable/GCC/ARM_CM3/port.o
                0x0000000008005280                SVC_Handler
 .text.vPortEnterCritical
                0x00000000080052a4       0x40 ./Middlewares/Third_Party/FreeRTOS/Source/portable/GCC/ARM_CM3/port.o
                0x00000000080052a4                vPortEnterCritical
 .text.vPortExitCritical
                0x00000000080052e4       0x28 ./Middlewares/Third_Party/FreeRTOS/Source/portable/GCC/ARM_CM3/port.o
                0x00000000080052e4                vPortExitCritical
 *fill*         0x000000000800530c        0x4 
 .text.PendSV_Handler
                0x0000000008005310       0x44 ./Middlewares/Third_Party/FreeRTOS/Source/portable/GCC/ARM_CM3/port.o
                0x0000000008005310                PendSV_Handler
 .text.SysTick_Handler
                0x0000000008005354       0x2c ./Middlewares/Third_Party/FreeRTOS/Source/portable/GCC/ARM_CM3/port.o
                0x0000000008005354                SysTick_Handler
 .text.vPortSetupTimerInterrupt
                0x0000000008005380       0x24 ./Middlewares/Third_Party/FreeRTOS/Source/portable/GCC/ARM_CM3/port.o
                0x0000000008005380                vPortSetupTimerInterrupt
 .text.xPortStartScheduler
                0x00000000080053a4       0xb8 ./Middlewares/Third_Party/FreeRTOS/Source/portable/GCC/ARM_CM3/port.o
                0x00000000080053a4                xPortStartScheduler
 .text.vPortValidateInterruptPriority
                0x000000000800545c       0x5c ./Middlewares/Third_Party/FreeRTOS/Source/portable/GCC/ARM_CM3/port.o
                0x000000000800545c                vPortValidateInterruptPriority
 .text.prvInsertBlockIntoFreeList
                0x00000000080054b8       0x48 ./Middlewares/Third_Party/FreeRTOS/Source/portable/MemMang/heap_4.o
 .text.pvPortMalloc
                0x0000000008005500      0x120 ./Middlewares/Third_Party/FreeRTOS/Source/portable/MemMang/heap_4.o
                0x0000000008005500                pvPortMalloc
 .text.vPortFree
                0x0000000008005620       0x70 ./Middlewares/Third_Party/FreeRTOS/Source/portable/MemMang/heap_4.o
                0x0000000008005620                vPortFree
 .text.ResetUsbConnection
                0x0000000008005690       0x4c ./USB_DEVICE/App/usb_device.o
                0x0000000008005690                ResetUsbConnection
 .text.MX_USB_DEVICE_Init
                0x00000000080056dc       0x54 ./USB_DEVICE/App/usb_device.o
                0x00000000080056dc                MX_USB_DEVICE_Init
 .text.CDC_DeInit_FS
                0x0000000008005730        0x4 ./USB_DEVICE/App/usbd_cdc_if.o
 .text.CDC_Control_FS
                0x0000000008005734        0x4 ./USB_DEVICE/App/usbd_cdc_if.o
 .text.CDC_Receive_FS
                0x0000000008005738        0xa ./USB_DEVICE/App/usbd_cdc_if.o
 *fill*         0x0000000008005742        0x2 
 .text.CDC_Init_FS
                0x0000000008005744       0x28 ./USB_DEVICE/App/usbd_cdc_if.o
 .text.CDC_Transmit_FS
                0x000000000800576c       0x2c ./USB_DEVICE/App/usbd_cdc_if.o
                0x000000000800576c                CDC_Transmit_FS
 .text.CDC_Receive_FS_ProcessNext
                0x0000000008005798       0x1c ./USB_DEVICE/App/usbd_cdc_if.o
                0x0000000008005798                CDC_Receive_FS_ProcessNext
 .text.USBD_FS_DeviceDescriptor
                0x00000000080057b4        0xc ./USB_DEVICE/App/usbd_desc.o
                0x00000000080057b4                USBD_FS_DeviceDescriptor
 .text.USBD_FS_LangIDStrDescriptor
                0x00000000080057c0        0xc ./USB_DEVICE/App/usbd_desc.o
                0x00000000080057c0                USBD_FS_LangIDStrDescriptor
 .text.IntToUnicode
                0x00000000080057cc       0x2a ./USB_DEVICE/App/usbd_desc.o
 *fill*         0x00000000080057f6        0x2 
 .text.USBD_FS_SerialStrDescriptor
                0x00000000080057f8       0x3c ./USB_DEVICE/App/usbd_desc.o
                0x00000000080057f8                USBD_FS_SerialStrDescriptor
 .text.USBD_FS_ManufacturerStrDescriptor
                0x0000000008005834       0x1c ./USB_DEVICE/App/usbd_desc.o
                0x0000000008005834                USBD_FS_ManufacturerStrDescriptor
 .text.USBD_FS_ProductStrDescriptor
                0x0000000008005850       0x1c ./USB_DEVICE/App/usbd_desc.o
                0x0000000008005850                USBD_FS_ProductStrDescriptor
 .text.USBD_FS_ConfigStrDescriptor
                0x000000000800586c       0x1c ./USB_DEVICE/App/usbd_desc.o
                0x000000000800586c                USBD_FS_ConfigStrDescriptor
 .text.USBD_FS_InterfaceStrDescriptor
                0x0000000008005888       0x1c ./USB_DEVICE/App/usbd_desc.o
                0x0000000008005888                USBD_FS_InterfaceStrDescriptor
 .text.USBD_Get_USB_Status
                0x00000000080058a4       0x10 ./USB_DEVICE/Target/usbd_conf.o
 .text.HAL_PCD_MspInit
                0x00000000080058b4       0x40 ./USB_DEVICE/Target/usbd_conf.o
                0x00000000080058b4                HAL_PCD_MspInit
 .text.HAL_PCD_SetupStageCallback
                0x00000000080058f4        0xc ./USB_DEVICE/Target/usbd_conf.o
                0x00000000080058f4                HAL_PCD_SetupStageCallback
 .text.HAL_PCD_DataOutStageCallback
                0x0000000008005900       0x12 ./USB_DEVICE/Target/usbd_conf.o
                0x0000000008005900                HAL_PCD_DataOutStageCallback
 .text.HAL_PCD_DataInStageCallback
                0x0000000008005912       0x10 ./USB_DEVICE/Target/usbd_conf.o
                0x0000000008005912                HAL_PCD_DataInStageCallback
 .text.HAL_PCD_SOFCallback
                0x0000000008005922        0x8 ./USB_DEVICE/Target/usbd_conf.o
                0x0000000008005922                HAL_PCD_SOFCallback
 .text.HAL_PCD_ResetCallback
                0x000000000800592a       0x24 ./USB_DEVICE/Target/usbd_conf.o
                0x000000000800592a                HAL_PCD_ResetCallback
 *fill*         0x000000000800594e        0x2 
 .text.HAL_PCD_SuspendCallback
                0x0000000008005950       0x20 ./USB_DEVICE/Target/usbd_conf.o
                0x0000000008005950                HAL_PCD_SuspendCallback
 .text.HAL_PCD_ResumeCallback
                0x0000000008005970        0x8 ./USB_DEVICE/Target/usbd_conf.o
                0x0000000008005970                HAL_PCD_ResumeCallback
 .text.USBD_LL_Init
                0x0000000008005978       0x84 ./USB_DEVICE/Target/usbd_conf.o
                0x0000000008005978                USBD_LL_Init
 .text.USBD_LL_Start
                0x00000000080059fc       0x12 ./USB_DEVICE/Target/usbd_conf.o
                0x00000000080059fc                USBD_LL_Start
 .text.USBD_LL_OpenEP
                0x0000000008005a0e       0x18 ./USB_DEVICE/Target/usbd_conf.o
                0x0000000008005a0e                USBD_LL_OpenEP
 .text.USBD_LL_CloseEP
                0x0000000008005a26       0x12 ./USB_DEVICE/Target/usbd_conf.o
                0x0000000008005a26                USBD_LL_CloseEP
 .text.USBD_LL_StallEP
                0x0000000008005a38       0x12 ./USB_DEVICE/Target/usbd_conf.o
                0x0000000008005a38                USBD_LL_StallEP
 .text.USBD_LL_ClearStallEP
                0x0000000008005a4a       0x12 ./USB_DEVICE/Target/usbd_conf.o
                0x0000000008005a4a                USBD_LL_ClearStallEP
 .text.USBD_LL_IsStallEP
                0x0000000008005a5c       0x24 ./USB_DEVICE/Target/usbd_conf.o
                0x0000000008005a5c                USBD_LL_IsStallEP
 .text.USBD_LL_SetUSBAddress
                0x0000000008005a80       0x12 ./USB_DEVICE/Target/usbd_conf.o
                0x0000000008005a80                USBD_LL_SetUSBAddress
 .text.USBD_LL_Transmit
                0x0000000008005a92       0x12 ./USB_DEVICE/Target/usbd_conf.o
                0x0000000008005a92                USBD_LL_Transmit
 .text.USBD_LL_PrepareReceive
                0x0000000008005aa4       0x12 ./USB_DEVICE/Target/usbd_conf.o
                0x0000000008005aa4                USBD_LL_PrepareReceive
 .text.USBD_LL_GetRxDataSize
                0x0000000008005ab6        0x8 ./USB_DEVICE/Target/usbd_conf.o
                0x0000000008005ab6                USBD_LL_GetRxDataSize
 *fill*         0x0000000008005abe        0x2 
 .text.USBD_static_malloc
                0x0000000008005ac0        0x8 ./USB_DEVICE/Target/usbd_conf.o
                0x0000000008005ac0                USBD_static_malloc
 .text.USBD_static_free
                0x0000000008005ac8        0x2 ./USB_DEVICE/Target/usbd_conf.o
                0x0000000008005ac8                USBD_static_free
 .text.HAL_PCDEx_SetConnectionState
                0x0000000008005aca        0x2 ./USB_DEVICE/Target/usbd_conf.o
                0x0000000008005aca                HAL_PCDEx_SetConnectionState
 .text.EEPROM_SPI_INIT
                0x0000000008005acc        0xc ./holse/STM32_EEPROM_SPI.o
                0x0000000008005acc                EEPROM_SPI_INIT
 .text.EEPROM_SPI_SendInstruction
                0x0000000008005ad8       0x34 ./holse/STM32_EEPROM_SPI.o
                0x0000000008005ad8                EEPROM_SPI_SendInstruction
 .text.EEPROM_SPI_ReadBuffer
                0x0000000008005b0c       0x74 ./holse/STM32_EEPROM_SPI.o
                0x0000000008005b0c                EEPROM_SPI_ReadBuffer
 .text.sEE_WriteEnable
                0x0000000008005b80       0x30 ./holse/STM32_EEPROM_SPI.o
                0x0000000008005b80                sEE_WriteEnable
 .text.sEE_WriteDisable
                0x0000000008005bb0       0x30 ./holse/STM32_EEPROM_SPI.o
                0x0000000008005bb0                sEE_WriteDisable
 .text.EEPROM_SPI_WaitStandbyState
                0x0000000008005be0       0x60 ./holse/STM32_EEPROM_SPI.o
                0x0000000008005be0                EEPROM_SPI_WaitStandbyState
 .text.EEPROM_SPI_WritePage
                0x0000000008005c40       0x98 ./holse/STM32_EEPROM_SPI.o
                0x0000000008005c40                EEPROM_SPI_WritePage
 .text.EEPROM_SPI_WriteBuffer
                0x0000000008005cd8       0xc8 ./holse/STM32_EEPROM_SPI.o
                0x0000000008005cd8                EEPROM_SPI_WriteBuffer
 .text.setInput
                0x0000000008005da0       0x1c ./holse/config.o
                0x0000000008005da0                setInput
 .text.setInputClick
                0x0000000008005dbc       0x20 ./holse/config.o
                0x0000000008005dbc                setInputClick
 .text.setInputDoubleClick
                0x0000000008005ddc       0x20 ./holse/config.o
                0x0000000008005ddc                setInputDoubleClick
 .text.setInputLPress
                0x0000000008005dfc       0x20 ./holse/config.o
                0x0000000008005dfc                setInputLPress
 .text.setConfigTimer
                0x0000000008005e1c       0x18 ./holse/config.o
                0x0000000008005e1c                setConfigTimer
 .text.getInput
                0x0000000008005e34       0x14 ./holse/config.o
                0x0000000008005e34                getInput
 .text.getInputClick
                0x0000000008005e48       0x18 ./holse/config.o
                0x0000000008005e48                getInputClick
 .text.getInputDoubleClick
                0x0000000008005e60       0x1c ./holse/config.o
                0x0000000008005e60                getInputDoubleClick
 .text.getInputLPress
                0x0000000008005e7c       0x1c ./holse/config.o
                0x0000000008005e7c                getInputLPress
 .text.getConfigTimer
                0x0000000008005e98       0x14 ./holse/config.o
                0x0000000008005e98                getConfigTimer
 .text.loadFromFlash
                0x0000000008005eac       0x94 ./holse/config.o
                0x0000000008005eac                loadFromFlash
 .text.saveToFlash
                0x0000000008005f40       0x38 ./holse/config.o
                0x0000000008005f40                saveToFlash
 .text.print    0x0000000008005f78       0x20 ./holse/cons.o
                0x0000000008005f78                print
 .text.cmdSave  0x0000000008005f98       0x1c ./holse/cons.o
                0x0000000008005f98                cmdSave
 .text.consThread
                0x0000000008005fb4       0x4c ./holse/cons.o
                0x0000000008005fb4                consThread
 .text.printHelpCommands
                0x0000000008006000       0x50 ./holse/cons.o
                0x0000000008006000                printHelpCommands
 .text.cmdHelp  0x0000000008006050       0x5c ./holse/cons.o
                0x0000000008006050                cmdHelp
 .text.convertToInt
                0x00000000080060ac       0x54 ./holse/cons.o
                0x00000000080060ac                convertToInt
 .text.printOp  0x0000000008006100       0x50 ./holse/cons.o
                0x0000000008006100                printOp
 .text.printHex
                0x0000000008006150       0x20 ./holse/cons.o
                0x0000000008006150                printHex
 .text.printDec
                0x0000000008006170       0x20 ./holse/cons.o
                0x0000000008006170                printDec
 .text.printOutputState
                0x0000000008006190       0x48 ./holse/cons.o
                0x0000000008006190                printOutputState
 .text.cmdOutput
                0x00000000080061d8       0x7c ./holse/cons.o
                0x00000000080061d8                cmdOutput
 .text.printConfigInput1Op
                0x0000000008006254       0x54 ./holse/cons.o
                0x0000000008006254                printConfigInput1Op
 .text.printConfigInput
                0x00000000080062a8       0xac ./holse/cons.o
                0x00000000080062a8                printConfigInput
 .text.cmdInput
                0x0000000008006354      0x160 ./holse/cons.o
                0x0000000008006354                cmdInput
 .text.printConfigTimer
                0x00000000080064b4       0x70 ./holse/cons.o
                0x00000000080064b4                printConfigTimer
 .text.cmdTimer
                0x0000000008006524       0x60 ./holse/cons.o
                0x0000000008006524                cmdTimer
 .text.cmdShow  0x0000000008006584      0x10c ./holse/cons.o
                0x0000000008006584                cmdShow
 .text.putBufPtr
                0x0000000008006690       0x14 ./holse/cons.o
                0x0000000008006690                putBufPtr
 .text.consInit
                0x00000000080066a4       0x28 ./holse/cons.o
                0x00000000080066a4                consInit
 .text.histMove.part.0
                0x00000000080066cc       0x40 ./holse/emCLI.o
 .text.initCLI  0x000000000800670c       0x14 ./holse/emCLI.o
                0x000000000800670c                initCLI
 .text.printCh  0x0000000008006720       0x28 ./holse/emCLI.o
                0x0000000008006720                printCh
 .text.redrawLineAfterCursor
                0x0000000008006748       0x40 ./holse/emCLI.o
                0x0000000008006748                redrawLineAfterCursor
 .text.redrawCursor
                0x0000000008006788       0x34 ./holse/emCLI.o
                0x0000000008006788                redrawCursor
 .text.histClean
                0x00000000080067bc       0x68 ./holse/emCLI.o
                0x00000000080067bc                histClean
 .text.histPutIn
                0x0000000008006824       0x68 ./holse/emCLI.o
                0x0000000008006824                histPutIn
 .text.histGetFrom
                0x000000000800688c       0x58 ./holse/emCLI.o
                0x000000000800688c                histGetFrom
 .text.histMove
                0x00000000080068e4       0x4c ./holse/emCLI.o
                0x00000000080068e4                histMove
 .text.putInLineCh
                0x0000000008006930       0x80 ./holse/emCLI.o
                0x0000000008006930                putInLineCh
 .text.delInLine
                0x00000000080069b0       0x5c ./holse/emCLI.o
                0x00000000080069b0                delInLine
 .text.closeTerm
                0x0000000008006a0c       0x1c ./holse/emCLI.o
                0x0000000008006a0c                closeTerm
 .text.processCmds
                0x0000000008006a28       0x50 ./holse/emCLI.o
                0x0000000008006a28                processCmds
 .text.toLower  0x0000000008006a78       0x24 ./holse/emCLI.o
                0x0000000008006a78                toLower
 .text.processNewLine
                0x0000000008006a9c       0x8c ./holse/emCLI.o
                0x0000000008006a9c                processNewLine
 .text.moveLineCursor
                0x0000000008006b28       0xc0 ./holse/emCLI.o
                0x0000000008006b28                moveLineCursor
 .text.processACMultiple
                0x0000000008006be8       0xc8 ./holse/emCLI.o
                0x0000000008006be8                processACMultiple
 .text.processAutoComplete
                0x0000000008006cb0       0x88 ./holse/emCLI.o
                0x0000000008006cb0                processAutoComplete
 .text.processConsoleStr2
                0x0000000008006d38      0x158 ./holse/emCLI.o
                0x0000000008006d38                processConsoleStr2
 .text.processConsoleStr
                0x0000000008006e90       0x1c ./holse/emCLI.o
                0x0000000008006e90                processConsoleStr
 .text.__setOutputs
                0x0000000008006eac       0x68 ./holse/io.o
                0x0000000008006eac                __setOutputs
 .text.setOutputs
                0x0000000008006f14       0x10 ./holse/io.o
                0x0000000008006f14                setOutputs
 .text.setOutputsByInputConfig
                0x0000000008006f24       0x64 ./holse/io.o
                0x0000000008006f24                setOutputsByInputConfig
 .text.setOutputsOff
                0x0000000008006f88       0x14 ./holse/io.o
                0x0000000008006f88                setOutputsOff
 .text.firstEnableOutputs
                0x0000000008006f9c       0x28 ./holse/io.o
                0x0000000008006f9c                firstEnableOutputs
 .text.setOutputOn
                0x0000000008006fc4       0x1c ./holse/io.o
                0x0000000008006fc4                setOutputOn
 .text.setOutputOff
                0x0000000008006fe0       0x20 ./holse/io.o
                0x0000000008006fe0                setOutputOff
 .text.setOutputToggle
                0x0000000008007000       0x1c ./holse/io.o
                0x0000000008007000                setOutputToggle
 .text.getOutputState
                0x000000000800701c       0x24 ./holse/io.o
                0x000000000800701c                getOutputState
 .text.readInputs
                0x0000000008007040       0x40 ./holse/io.o
                0x0000000008007040                readInputs
 .text.startTimer
                0x0000000008007080       0x34 ./holse/io.o
                0x0000000008007080                startTimer
 .text.processInputEvent
                0x00000000080070b4       0x84 ./holse/io.o
                0x00000000080070b4                processInputEvent
 .text.threadInputTimers
                0x0000000008007138       0x40 ./holse/io.o
                0x0000000008007138                threadInputTimers
 .text.processInputEvents
                0x0000000008007178       0x58 ./holse/io.o
                0x0000000008007178                processInputEvents
 .text.threadSPI
                0x00000000080071d0       0x40 ./holse/io.o
                0x00000000080071d0                threadSPI
 .text.processTimerEvent
                0x0000000008007210       0x24 ./holse/io.o
                0x0000000008007210                processTimerEvent
 .text.threadTimers
                0x0000000008007234       0x30 ./holse/io.o
                0x0000000008007234                threadTimers
 .text.offActiveTimers
                0x0000000008007264       0x24 ./holse/io.o
                0x0000000008007264                offActiveTimers
 .text.initThreads
                0x0000000008007288       0x40 ./holse/io.o
                0x0000000008007288                initThreads
 .text.initIO   0x00000000080072c8        0xe ./holse/io.o
                0x00000000080072c8                initIO
 *fill*         0x00000000080072d6        0x2 
 .text.SendData
                0x00000000080072d8       0x64 ./holse/leds_walk.o
                0x00000000080072d8                SendData
 .text.ledsUp   0x000000000800733c       0x34 ./holse/leds_walk.o
                0x000000000800733c                ledsUp
 .text.ledsDown
                0x0000000008007370       0x38 ./holse/leds_walk.o
                0x0000000008007370                ledsDown
 .text.LedsWalk
                0x00000000080073a8       0x1a ./holse/leds_walk.o
                0x00000000080073a8                LedsWalk
 *fill*         0x00000000080073c2        0x2 
 .text.__errno  0x00000000080073c4        0xc c:/st/stm32cubeide_1.7.0/stm32cubeide/plugins/com.st.stm32cube.ide.mcu.externaltools.gnu-tools-for-stm32.10.3-2021.10.win32_1.0.0.202111181127/tools/bin/../lib/gcc/arm-none-eabi/10.3.1/../../../../arm-none-eabi/lib/thumb/v7-m/nofp\libc_nano.a(lib_a-errno.o)
                0x00000000080073c4                __errno
 .text.__libc_init_array
                0x00000000080073d0       0x48 c:/st/stm32cubeide_1.7.0/stm32cubeide/plugins/com.st.stm32cube.ide.mcu.externaltools.gnu-tools-for-stm32.10.3-2021.10.win32_1.0.0.202111181127/tools/bin/../lib/gcc/arm-none-eabi/10.3.1/../../../../arm-none-eabi/lib/thumb/v7-m/nofp\libc_nano.a(lib_a-init.o)
                0x00000000080073d0                __libc_init_array
 .text.memcpy   0x0000000008007418       0x1c c:/st/stm32cubeide_1.7.0/stm32cubeide/plugins/com.st.stm32cube.ide.mcu.externaltools.gnu-tools-for-stm32.10.3-2021.10.win32_1.0.0.202111181127/tools/bin/../lib/gcc/arm-none-eabi/10.3.1/../../../../arm-none-eabi/lib/thumb/v7-m/nofp\libc_nano.a(lib_a-memcpy-stub.o)
                0x0000000008007418                memcpy
 .text.memmove  0x0000000008007434       0x34 c:/st/stm32cubeide_1.7.0/stm32cubeide/plugins/com.st.stm32cube.ide.mcu.externaltools.gnu-tools-for-stm32.10.3-2021.10.win32_1.0.0.202111181127/tools/bin/../lib/gcc/arm-none-eabi/10.3.1/../../../../arm-none-eabi/lib/thumb/v7-m/nofp\libc_nano.a(lib_a-memmove.o)
                0x0000000008007434                memmove
 .text.memset   0x0000000008007468       0x10 c:/st/stm32cubeide_1.7.0/stm32cubeide/plugins/com.st.stm32cube.ide.mcu.externaltools.gnu-tools-for-stm32.10.3-2021.10.win32_1.0.0.202111181127/tools/bin/../lib/gcc/arm-none-eabi/10.3.1/../../../../arm-none-eabi/lib/thumb/v7-m/nofp\libc_nano.a(lib_a-memset.o)
                0x0000000008007468                memset
 .text.snprintf
                0x0000000008007478       0x68 c:/st/stm32cubeide_1.7.0/stm32cubeide/plugins/com.st.stm32cube.ide.mcu.externaltools.gnu-tools-for-stm32.10.3-2021.10.win32_1.0.0.202111181127/tools/bin/../lib/gcc/arm-none-eabi/10.3.1/../../../../arm-none-eabi/lib/thumb/v7-m/nofp\libc_nano.a(lib_a-snprintf.o)
                0x0000000008007478                sniprintf
                0x0000000008007478                snprintf
 .text.sscanf   0x00000000080074e0       0x54 c:/st/stm32cubeide_1.7.0/stm32cubeide/plugins/com.st.stm32cube.ide.mcu.externaltools.gnu-tools-for-stm32.10.3-2021.10.win32_1.0.0.202111181127/tools/bin/../lib/gcc/arm-none-eabi/10.3.1/../../../../arm-none-eabi/lib/thumb/v7-m/nofp\libc_nano.a(lib_a-sscanf.o)
                0x00000000080074e0                siscanf
                0x00000000080074e0                sscanf
 .text.__sread  0x0000000008007534       0x22 c:/st/stm32cubeide_1.7.0/stm32cubeide/plugins/com.st.stm32cube.ide.mcu.externaltools.gnu-tools-for-stm32.10.3-2021.10.win32_1.0.0.202111181127/tools/bin/../lib/gcc/arm-none-eabi/10.3.1/../../../../arm-none-eabi/lib/thumb/v7-m/nofp\libc_nano.a(lib_a-stdio.o)
                0x0000000008007534                __sread
 .text.__seofread
                0x0000000008007556        0x4 c:/st/stm32cubeide_1.7.0/stm32cubeide/plugins/com.st.stm32cube.ide.mcu.externaltools.gnu-tools-for-stm32.10.3-2021.10.win32_1.0.0.202111181127/tools/bin/../lib/gcc/arm-none-eabi/10.3.1/../../../../arm-none-eabi/lib/thumb/v7-m/nofp\libc_nano.a(lib_a-stdio.o)
                0x0000000008007556                __seofread
 .text.__swrite
                0x000000000800755a       0x38 c:/st/stm32cubeide_1.7.0/stm32cubeide/plugins/com.st.stm32cube.ide.mcu.externaltools.gnu-tools-for-stm32.10.3-2021.10.win32_1.0.0.202111181127/tools/bin/../lib/gcc/arm-none-eabi/10.3.1/../../../../arm-none-eabi/lib/thumb/v7-m/nofp\libc_nano.a(lib_a-stdio.o)
                0x000000000800755a                __swrite
 .text.__sseek  0x0000000008007592       0x24 c:/st/stm32cubeide_1.7.0/stm32cubeide/plugins/com.st.stm32cube.ide.mcu.externaltools.gnu-tools-for-stm32.10.3-2021.10.win32_1.0.0.202111181127/tools/bin/../lib/gcc/arm-none-eabi/10.3.1/../../../../arm-none-eabi/lib/thumb/v7-m/nofp\libc_nano.a(lib_a-stdio.o)
                0x0000000008007592                __sseek
 .text.__sclose
                0x00000000080075b6        0x8 c:/st/stm32cubeide_1.7.0/stm32cubeide/plugins/com.st.stm32cube.ide.mcu.externaltools.gnu-tools-for-stm32.10.3-2021.10.win32_1.0.0.202111181127/tools/bin/../lib/gcc/arm-none-eabi/10.3.1/../../../../arm-none-eabi/lib/thumb/v7-m/nofp\libc_nano.a(lib_a-stdio.o)
                0x00000000080075b6                __sclose
 .text.strchr   0x00000000080075be       0x1a c:/st/stm32cubeide_1.7.0/stm32cubeide/plugins/com.st.stm32cube.ide.mcu.externaltools.gnu-tools-for-stm32.10.3-2021.10.win32_1.0.0.202111181127/tools/bin/../lib/gcc/arm-none-eabi/10.3.1/../../../../arm-none-eabi/lib/thumb/v7-m/nofp\libc_nano.a(lib_a-strchr.o)
                0x00000000080075be                strchr
 .text.strncat  0x00000000080075d8       0x26 c:/st/stm32cubeide_1.7.0/stm32cubeide/plugins/com.st.stm32cube.ide.mcu.externaltools.gnu-tools-for-stm32.10.3-2021.10.win32_1.0.0.202111181127/tools/bin/../lib/gcc/arm-none-eabi/10.3.1/../../../../arm-none-eabi/lib/thumb/v7-m/nofp\libc_nano.a(lib_a-strncat.o)
                0x00000000080075d8                strncat
 .text.strncmp  0x00000000080075fe       0x28 c:/st/stm32cubeide_1.7.0/stm32cubeide/plugins/com.st.stm32cube.ide.mcu.externaltools.gnu-tools-for-stm32.10.3-2021.10.win32_1.0.0.202111181127/tools/bin/../lib/gcc/arm-none-eabi/10.3.1/../../../../arm-none-eabi/lib/thumb/v7-m/nofp\libc_nano.a(lib_a-strncmp.o)
                0x00000000080075fe                strncmp
 *fill*         0x0000000008007626        0x2 
 .text.strtok   0x0000000008007628       0x68 c:/st/stm32cubeide_1.7.0/stm32cubeide/plugins/com.st.stm32cube.ide.mcu.externaltools.gnu-tools-for-stm32.10.3-2021.10.win32_1.0.0.202111181127/tools/bin/../lib/gcc/arm-none-eabi/10.3.1/../../../../arm-none-eabi/lib/thumb/v7-m/nofp\libc_nano.a(lib_a-strtok.o)
                0x0000000008007628                strtok
 .text.__strtok_r
                0x0000000008007690       0x50 c:/st/stm32cubeide_1.7.0/stm32cubeide/plugins/com.st.stm32cube.ide.mcu.externaltools.gnu-tools-for-stm32.10.3-2021.10.win32_1.0.0.202111181127/tools/bin/../lib/gcc/arm-none-eabi/10.3.1/../../../../arm-none-eabi/lib/thumb/v7-m/nofp\libc_nano.a(lib_a-strtok_r.o)
                0x0000000008007690                __strtok_r
 .text._strtoul_l.constprop.0
                0x00000000080076e0       0xe4 c:/st/stm32cubeide_1.7.0/stm32cubeide/plugins/com.st.stm32cube.ide.mcu.externaltools.gnu-tools-for-stm32.10.3-2021.10.win32_1.0.0.202111181127/tools/bin/../lib/gcc/arm-none-eabi/10.3.1/../../../../arm-none-eabi/lib/thumb/v7-m/nofp\libc_nano.a(lib_a-strtoul.o)
 .text._strtoul_r
                0x00000000080077c4        0x4 c:/st/stm32cubeide_1.7.0/stm32cubeide/plugins/com.st.stm32cube.ide.mcu.externaltools.gnu-tools-for-stm32.10.3-2021.10.win32_1.0.0.202111181127/tools/bin/../lib/gcc/arm-none-eabi/10.3.1/../../../../arm-none-eabi/lib/thumb/v7-m/nofp\libc_nano.a(lib_a-strtoul.o)
                0x00000000080077c4                _strtoul_r
 .text.strtoul  0x00000000080077c8       0x14 c:/st/stm32cubeide_1.7.0/stm32cubeide/plugins/com.st.stm32cube.ide.mcu.externaltools.gnu-tools-for-stm32.10.3-2021.10.win32_1.0.0.202111181127/tools/bin/../lib/gcc/arm-none-eabi/10.3.1/../../../../arm-none-eabi/lib/thumb/v7-m/nofp\libc_nano.a(lib_a-strtoul.o)
                0x00000000080077c8                strtoul
 .text._write_r
                0x00000000080077dc       0x24 c:/st/stm32cubeide_1.7.0/stm32cubeide/plugins/com.st.stm32cube.ide.mcu.externaltools.gnu-tools-for-stm32.10.3-2021.10.win32_1.0.0.202111181127/tools/bin/../lib/gcc/arm-none-eabi/10.3.1/../../../../arm-none-eabi/lib/thumb/v7-m/nofp\libc_nano.a(lib_a-writer.o)
                0x00000000080077dc                _write_r
 .text.__assert_func
                0x0000000008007800       0x3c c:/st/stm32cubeide_1.7.0/stm32cubeide/plugins/com.st.stm32cube.ide.mcu.externaltools.gnu-tools-for-stm32.10.3-2021.10.win32_1.0.0.202111181127/tools/bin/../lib/gcc/arm-none-eabi/10.3.1/../../../../arm-none-eabi/lib/thumb/v7-m/nofp\libc_nano.a(lib_a-assert.o)
                0x0000000008007800                __assert_func
 .text._close_r
                0x000000000800783c       0x20 c:/st/stm32cubeide_1.7.0/stm32cubeide/plugins/com.st.stm32cube.ide.mcu.externaltools.gnu-tools-for-stm32.10.3-2021.10.win32_1.0.0.202111181127/tools/bin/../lib/gcc/arm-none-eabi/10.3.1/../../../../arm-none-eabi/lib/thumb/v7-m/nofp\libc_nano.a(lib_a-closer.o)
                0x000000000800783c                _close_r
 .text.fprintf  0x000000000800785c       0x24 c:/st/stm32cubeide_1.7.0/stm32cubeide/plugins/com.st.stm32cube.ide.mcu.externaltools.gnu-tools-for-stm32.10.3-2021.10.win32_1.0.0.202111181127/tools/bin/../lib/gcc/arm-none-eabi/10.3.1/../../../../arm-none-eabi/lib/thumb/v7-m/nofp\libc_nano.a(lib_a-fprintf.o)
                0x000000000800785c                fiprintf
                0x000000000800785c                fprintf
 .text._lseek_r
                0x0000000008007880       0x24 c:/st/stm32cubeide_1.7.0/stm32cubeide/plugins/com.st.stm32cube.ide.mcu.externaltools.gnu-tools-for-stm32.10.3-2021.10.win32_1.0.0.202111181127/tools/bin/../lib/gcc/arm-none-eabi/10.3.1/../../../../arm-none-eabi/lib/thumb/v7-m/nofp\libc_nano.a(lib_a-lseekr.o)
                0x0000000008007880                _lseek_r
 .text.malloc   0x00000000080078a4       0x10 c:/st/stm32cubeide_1.7.0/stm32cubeide/plugins/com.st.stm32cube.ide.mcu.externaltools.gnu-tools-for-stm32.10.3-2021.10.win32_1.0.0.202111181127/tools/bin/../lib/gcc/arm-none-eabi/10.3.1/../../../../arm-none-eabi/lib/thumb/v7-m/nofp\libc_nano.a(lib_a-malloc.o)
                0x00000000080078a4                malloc
 .text._free_r  0x00000000080078b4       0x90 c:/st/stm32cubeide_1.7.0/stm32cubeide/plugins/com.st.stm32cube.ide.mcu.externaltools.gnu-tools-for-stm32.10.3-2021.10.win32_1.0.0.202111181127/tools/bin/../lib/gcc/arm-none-eabi/10.3.1/../../../../arm-none-eabi/lib/thumb/v7-m/nofp\libc_nano.a(lib_a-nano-freer.o)
                0x00000000080078b4                _free_r
 .text.sbrk_aligned
                0x0000000008007944       0x40 c:/st/stm32cubeide_1.7.0/stm32cubeide/plugins/com.st.stm32cube.ide.mcu.externaltools.gnu-tools-for-stm32.10.3-2021.10.win32_1.0.0.202111181127/tools/bin/../lib/gcc/arm-none-eabi/10.3.1/../../../../arm-none-eabi/lib/thumb/v7-m/nofp\libc_nano.a(lib_a-nano-mallocr.o)
 .text._malloc_r
                0x0000000008007984       0xe8 c:/st/stm32cubeide_1.7.0/stm32cubeide/plugins/com.st.stm32cube.ide.mcu.externaltools.gnu-tools-for-stm32.10.3-2021.10.win32_1.0.0.202111181127/tools/bin/../lib/gcc/arm-none-eabi/10.3.1/../../../../arm-none-eabi/lib/thumb/v7-m/nofp\libc_nano.a(lib_a-nano-mallocr.o)
                0x0000000008007984                _malloc_r
 .text.__ssputs_r
                0x0000000008007a6c       0xb6 c:/st/stm32cubeide_1.7.0/stm32cubeide/plugins/com.st.stm32cube.ide.mcu.externaltools.gnu-tools-for-stm32.10.3-2021.10.win32_1.0.0.202111181127/tools/bin/../lib/gcc/arm-none-eabi/10.3.1/../../../../arm-none-eabi/lib/thumb/v7-m/nofp\libc_nano.a(lib_a-nano-svfprintf.o)
                0x0000000008007a6c                __ssputs_r
 *fill*         0x0000000008007b22        0x2 
 .text._svfprintf_r
                0x0000000008007b24      0x200 c:/st/stm32cubeide_1.7.0/stm32cubeide/plugins/com.st.stm32cube.ide.mcu.externaltools.gnu-tools-for-stm32.10.3-2021.10.win32_1.0.0.202111181127/tools/bin/../lib/gcc/arm-none-eabi/10.3.1/../../../../arm-none-eabi/lib/thumb/v7-m/nofp\libc_nano.a(lib_a-nano-svfprintf.o)
                0x0000000008007b24                _svfiprintf_r
                0x0000000008007b24                _svfprintf_r
 .text._sungetc_r
                0x0000000008007d24       0x7a c:/st/stm32cubeide_1.7.0/stm32cubeide/plugins/com.st.stm32cube.ide.mcu.externaltools.gnu-tools-for-stm32.10.3-2021.10.win32_1.0.0.202111181127/tools/bin/../lib/gcc/arm-none-eabi/10.3.1/../../../../arm-none-eabi/lib/thumb/v7-m/nofp\libc_nano.a(lib_a-nano-svfscanf.o)
                0x0000000008007d24                _sungetc_r
 .text.__ssrefill_r
                0x0000000008007d9e       0x3a c:/st/stm32cubeide_1.7.0/stm32cubeide/plugins/com.st.stm32cube.ide.mcu.externaltools.gnu-tools-for-stm32.10.3-2021.10.win32_1.0.0.202111181127/tools/bin/../lib/gcc/arm-none-eabi/10.3.1/../../../../arm-none-eabi/lib/thumb/v7-m/nofp\libc_nano.a(lib_a-nano-svfscanf.o)
                0x0000000008007d9e                __ssrefill_r
 .text.__ssvfscanf_r
                0x0000000008007dd8      0x2f4 c:/st/stm32cubeide_1.7.0/stm32cubeide/plugins/com.st.stm32cube.ide.mcu.externaltools.gnu-tools-for-stm32.10.3-2021.10.win32_1.0.0.202111181127/tools/bin/../lib/gcc/arm-none-eabi/10.3.1/../../../../arm-none-eabi/lib/thumb/v7-m/nofp\libc_nano.a(lib_a-nano-svfscanf.o)
                0x0000000008007dd8                __ssvfiscanf_r
                0x0000000008007dd8                __ssvfscanf_r
 .text.__sfputc_r
                0x00000000080080cc       0x2a c:/st/stm32cubeide_1.7.0/stm32cubeide/plugins/com.st.stm32cube.ide.mcu.externaltools.gnu-tools-for-stm32.10.3-2021.10.win32_1.0.0.202111181127/tools/bin/../lib/gcc/arm-none-eabi/10.3.1/../../../../arm-none-eabi/lib/thumb/v7-m/nofp\libc_nano.a(lib_a-nano-vfprintf.o)
 .text.__sfputs_r
                0x00000000080080f6       0x24 c:/st/stm32cubeide_1.7.0/stm32cubeide/plugins/com.st.stm32cube.ide.mcu.externaltools.gnu-tools-for-stm32.10.3-2021.10.win32_1.0.0.202111181127/tools/bin/../lib/gcc/arm-none-eabi/10.3.1/../../../../arm-none-eabi/lib/thumb/v7-m/nofp\libc_nano.a(lib_a-nano-vfprintf.o)
                0x00000000080080f6                __sfputs_r
 *fill*         0x000000000800811a        0x2 
 .text._vfprintf_r
                0x000000000800811c      0x260 c:/st/stm32cubeide_1.7.0/stm32cubeide/plugins/com.st.stm32cube.ide.mcu.externaltools.gnu-tools-for-stm32.10.3-2021.10.win32_1.0.0.202111181127/tools/bin/../lib/gcc/arm-none-eabi/10.3.1/../../../../arm-none-eabi/lib/thumb/v7-m/nofp\libc_nano.a(lib_a-nano-vfprintf.o)
                0x000000000800811c                _vfprintf_r
                0x000000000800811c                _vfiprintf_r
 .text._printf_common
                0x000000000800837c       0xde c:/st/stm32cubeide_1.7.0/stm32cubeide/plugins/com.st.stm32cube.ide.mcu.externaltools.gnu-tools-for-stm32.10.3-2021.10.win32_1.0.0.202111181127/tools/bin/../lib/gcc/arm-none-eabi/10.3.1/../../../../arm-none-eabi/lib/thumb/v7-m/nofp\libc_nano.a(lib_a-nano-vfprintf_i.o)
                0x000000000800837c                _printf_common
 *fill*         0x000000000800845a        0x2 
 .text._printf_i
                0x000000000800845c      0x24c c:/st/stm32cubeide_1.7.0/stm32cubeide/plugins/com.st.stm32cube.ide.mcu.externaltools.gnu-tools-for-stm32.10.3-2021.10.win32_1.0.0.202111181127/tools/bin/../lib/gcc/arm-none-eabi/10.3.1/../../../../arm-none-eabi/lib/thumb/v7-m/nofp\libc_nano.a(lib_a-nano-vfprintf_i.o)
                0x000000000800845c                _printf_i
 .text._scanf_chars
                0x00000000080086a8       0xb4 c:/st/stm32cubeide_1.7.0/stm32cubeide/plugins/com.st.stm32cube.ide.mcu.externaltools.gnu-tools-for-stm32.10.3-2021.10.win32_1.0.0.202111181127/tools/bin/../lib/gcc/arm-none-eabi/10.3.1/../../../../arm-none-eabi/lib/thumb/v7-m/nofp\libc_nano.a(lib_a-nano-vfscanf_i.o)
                0x00000000080086a8                _scanf_chars
 .text._scanf_i
                0x000000000800875c      0x1f0 c:/st/stm32cubeide_1.7.0/stm32cubeide/plugins/com.st.stm32cube.ide.mcu.externaltools.gnu-tools-for-stm32.10.3-2021.10.win32_1.0.0.202111181127/tools/bin/../lib/gcc/arm-none-eabi/10.3.1/../../../../arm-none-eabi/lib/thumb/v7-m/nofp\libc_nano.a(lib_a-nano-vfscanf_i.o)
                0x000000000800875c                _scanf_i
 .text._read_r  0x000000000800894c       0x24 c:/st/stm32cubeide_1.7.0/stm32cubeide/plugins/com.st.stm32cube.ide.mcu.externaltools.gnu-tools-for-stm32.10.3-2021.10.win32_1.0.0.202111181127/tools/bin/../lib/gcc/arm-none-eabi/10.3.1/../../../../arm-none-eabi/lib/thumb/v7-m/nofp\libc_nano.a(lib_a-readr.o)
                0x000000000800894c                _read_r
 .text._sbrk_r  0x0000000008008970       0x20 c:/st/stm32cubeide_1.7.0/stm32cubeide/plugins/com.st.stm32cube.ide.mcu.externaltools.gnu-tools-for-stm32.10.3-2021.10.win32_1.0.0.202111181127/tools/bin/../lib/gcc/arm-none-eabi/10.3.1/../../../../arm-none-eabi/lib/thumb/v7-m/nofp\libc_nano.a(lib_a-sbrkr.o)
                0x0000000008008970                _sbrk_r
 .text.__sccl   0x0000000008008990       0x70 c:/st/stm32cubeide_1.7.0/stm32cubeide/plugins/com.st.stm32cube.ide.mcu.externaltools.gnu-tools-for-stm32.10.3-2021.10.win32_1.0.0.202111181127/tools/bin/../lib/gcc/arm-none-eabi/10.3.1/../../../../arm-none-eabi/lib/thumb/v7-m/nofp\libc_nano.a(lib_a-sccl.o)
                0x0000000008008990                __sccl
 .text._strtol_l.constprop.0
                0x0000000008008a00       0xf8 c:/st/stm32cubeide_1.7.0/stm32cubeide/plugins/com.st.stm32cube.ide.mcu.externaltools.gnu-tools-for-stm32.10.3-2021.10.win32_1.0.0.202111181127/tools/bin/../lib/gcc/arm-none-eabi/10.3.1/../../../../arm-none-eabi/lib/thumb/v7-m/nofp\libc_nano.a(lib_a-strtol.o)
 .text._strtol_r
                0x0000000008008af8        0x4 c:/st/stm32cubeide_1.7.0/stm32cubeide/plugins/com.st.stm32cube.ide.mcu.externaltools.gnu-tools-for-stm32.10.3-2021.10.win32_1.0.0.202111181127/tools/bin/../lib/gcc/arm-none-eabi/10.3.1/../../../../arm-none-eabi/lib/thumb/v7-m/nofp\libc_nano.a(lib_a-strtol.o)
                0x0000000008008af8                _strtol_r
 .text.__submore
                0x0000000008008afc       0x70 c:/st/stm32cubeide_1.7.0/stm32cubeide/plugins/com.st.stm32cube.ide.mcu.externaltools.gnu-tools-for-stm32.10.3-2021.10.win32_1.0.0.202111181127/tools/bin/../lib/gcc/arm-none-eabi/10.3.1/../../../../arm-none-eabi/lib/thumb/v7-m/nofp\libc_nano.a(lib_a-ungetc.o)
                0x0000000008008afc                __submore
 .text.__swbuf_r
                0x0000000008008b6c       0xa4 c:/st/stm32cubeide_1.7.0/stm32cubeide/plugins/com.st.stm32cube.ide.mcu.externaltools.gnu-tools-for-stm32.10.3-2021.10.win32_1.0.0.202111181127/tools/bin/../lib/gcc/arm-none-eabi/10.3.1/../../../../arm-none-eabi/lib/thumb/v7-m/nofp\libc_nano.a(lib_a-wbuf.o)
                0x0000000008008b6c                __swbuf_r
 .text.__swsetup_r
                0x0000000008008c10       0xdc c:/st/stm32cubeide_1.7.0/stm32cubeide/plugins/com.st.stm32cube.ide.mcu.externaltools.gnu-tools-for-stm32.10.3-2021.10.win32_1.0.0.202111181127/tools/bin/../lib/gcc/arm-none-eabi/10.3.1/../../../../arm-none-eabi/lib/thumb/v7-m/nofp\libc_nano.a(lib_a-wsetup.o)
                0x0000000008008c10                __swsetup_r
 .text.abort    0x0000000008008cec        0xe c:/st/stm32cubeide_1.7.0/stm32cubeide/plugins/com.st.stm32cube.ide.mcu.externaltools.gnu-tools-for-stm32.10.3-2021.10.win32_1.0.0.202111181127/tools/bin/../lib/gcc/arm-none-eabi/10.3.1/../../../../arm-none-eabi/lib/thumb/v7-m/nofp\libc_nano.a(lib_a-abort.o)
                0x0000000008008cec                abort
 *fill*         0x0000000008008cfa        0x2 
 .text.__sflush_r
                0x0000000008008cfc      0x104 c:/st/stm32cubeide_1.7.0/stm32cubeide/plugins/com.st.stm32cube.ide.mcu.externaltools.gnu-tools-for-stm32.10.3-2021.10.win32_1.0.0.202111181127/tools/bin/../lib/gcc/arm-none-eabi/10.3.1/../../../../arm-none-eabi/lib/thumb/v7-m/nofp\libc_nano.a(lib_a-fflush.o)
                0x0000000008008cfc                __sflush_r
 .text._fflush_r
                0x0000000008008e00       0x78 c:/st/stm32cubeide_1.7.0/stm32cubeide/plugins/com.st.stm32cube.ide.mcu.externaltools.gnu-tools-for-stm32.10.3-2021.10.win32_1.0.0.202111181127/tools/bin/../lib/gcc/arm-none-eabi/10.3.1/../../../../arm-none-eabi/lib/thumb/v7-m/nofp\libc_nano.a(lib_a-fflush.o)
                0x0000000008008e00                _fflush_r
 .text.std      0x0000000008008e78       0x48 c:/st/stm32cubeide_1.7.0/stm32cubeide/plugins/com.st.stm32cube.ide.mcu.externaltools.gnu-tools-for-stm32.10.3-2021.10.win32_1.0.0.202111181127/tools/bin/../lib/gcc/arm-none-eabi/10.3.1/../../../../arm-none-eabi/lib/thumb/v7-m/nofp\libc_nano.a(lib_a-findfp.o)
 .text._cleanup_r
                0x0000000008008ec0        0xc c:/st/stm32cubeide_1.7.0/stm32cubeide/plugins/com.st.stm32cube.ide.mcu.externaltools.gnu-tools-for-stm32.10.3-2021.10.win32_1.0.0.202111181127/tools/bin/../lib/gcc/arm-none-eabi/10.3.1/../../../../arm-none-eabi/lib/thumb/v7-m/nofp\libc_nano.a(lib_a-findfp.o)
                0x0000000008008ec0                _cleanup_r
 .text.__sfmoreglue
                0x0000000008008ecc       0x2c c:/st/stm32cubeide_1.7.0/stm32cubeide/plugins/com.st.stm32cube.ide.mcu.externaltools.gnu-tools-for-stm32.10.3-2021.10.win32_1.0.0.202111181127/tools/bin/../lib/gcc/arm-none-eabi/10.3.1/../../../../arm-none-eabi/lib/thumb/v7-m/nofp\libc_nano.a(lib_a-findfp.o)
                0x0000000008008ecc                __sfmoreglue
 .text.__sfp_lock_acquire
                0x0000000008008ef8        0xc c:/st/stm32cubeide_1.7.0/stm32cubeide/plugins/com.st.stm32cube.ide.mcu.externaltools.gnu-tools-for-stm32.10.3-2021.10.win32_1.0.0.202111181127/tools/bin/../lib/gcc/arm-none-eabi/10.3.1/../../../../arm-none-eabi/lib/thumb/v7-m/nofp\libc_nano.a(lib_a-findfp.o)
                0x0000000008008ef8                __sfp_lock_acquire
 .text.__sfp_lock_release
                0x0000000008008f04        0xc c:/st/stm32cubeide_1.7.0/stm32cubeide/plugins/com.st.stm32cube.ide.mcu.externaltools.gnu-tools-for-stm32.10.3-2021.10.win32_1.0.0.202111181127/tools/bin/../lib/gcc/arm-none-eabi/10.3.1/../../../../arm-none-eabi/lib/thumb/v7-m/nofp\libc_nano.a(lib_a-findfp.o)
                0x0000000008008f04                __sfp_lock_release
 .text.__sinit_lock_acquire
                0x0000000008008f10        0xc c:/st/stm32cubeide_1.7.0/stm32cubeide/plugins/com.st.stm32cube.ide.mcu.externaltools.gnu-tools-for-stm32.10.3-2021.10.win32_1.0.0.202111181127/tools/bin/../lib/gcc/arm-none-eabi/10.3.1/../../../../arm-none-eabi/lib/thumb/v7-m/nofp\libc_nano.a(lib_a-findfp.o)
                0x0000000008008f10                __sinit_lock_acquire
 .text.__sinit_lock_release
                0x0000000008008f1c        0xc c:/st/stm32cubeide_1.7.0/stm32cubeide/plugins/com.st.stm32cube.ide.mcu.externaltools.gnu-tools-for-stm32.10.3-2021.10.win32_1.0.0.202111181127/tools/bin/../lib/gcc/arm-none-eabi/10.3.1/../../../../arm-none-eabi/lib/thumb/v7-m/nofp\libc_nano.a(lib_a-findfp.o)
                0x0000000008008f1c                __sinit_lock_release
 .text.__sinit  0x0000000008008f28       0x70 c:/st/stm32cubeide_1.7.0/stm32cubeide/plugins/com.st.stm32cube.ide.mcu.externaltools.gnu-tools-for-stm32.10.3-2021.10.win32_1.0.0.202111181127/tools/bin/../lib/gcc/arm-none-eabi/10.3.1/../../../../arm-none-eabi/lib/thumb/v7-m/nofp\libc_nano.a(lib_a-findfp.o)
                0x0000000008008f28                __sinit
 .text.__sfp    0x0000000008008f98       0x8c c:/st/stm32cubeide_1.7.0/stm32cubeide/plugins/com.st.stm32cube.ide.mcu.externaltools.gnu-tools-for-stm32.10.3-2021.10.win32_1.0.0.202111181127/tools/bin/../lib/gcc/arm-none-eabi/10.3.1/../../../../arm-none-eabi/lib/thumb/v7-m/nofp\libc_nano.a(lib_a-findfp.o)
                0x0000000008008f98                __sfp
 .text._fwalk_reent
                0x0000000008009024       0x3e c:/st/stm32cubeide_1.7.0/stm32cubeide/plugins/com.st.stm32cube.ide.mcu.externaltools.gnu-tools-for-stm32.10.3-2021.10.win32_1.0.0.202111181127/tools/bin/../lib/gcc/arm-none-eabi/10.3.1/../../../../arm-none-eabi/lib/thumb/v7-m/nofp\libc_nano.a(lib_a-fwalk.o)
                0x0000000008009024                _fwalk_reent
 .text.__retarget_lock_init_recursive
                0x0000000008009062        0x2 c:/st/stm32cubeide_1.7.0/stm32cubeide/plugins/com.st.stm32cube.ide.mcu.externaltools.gnu-tools-for-stm32.10.3-2021.10.win32_1.0.0.202111181127/tools/bin/../lib/gcc/arm-none-eabi/10.3.1/../../../../arm-none-eabi/lib/thumb/v7-m/nofp\libc_nano.a(lib_a-lock.o)
                0x0000000008009062                __retarget_lock_init_recursive
 .text.__retarget_lock_acquire_recursive
                0x0000000008009064        0x2 c:/st/stm32cubeide_1.7.0/stm32cubeide/plugins/com.st.stm32cube.ide.mcu.externaltools.gnu-tools-for-stm32.10.3-2021.10.win32_1.0.0.202111181127/tools/bin/../lib/gcc/arm-none-eabi/10.3.1/../../../../arm-none-eabi/lib/thumb/v7-m/nofp\libc_nano.a(lib_a-lock.o)
                0x0000000008009064                __retarget_lock_acquire_recursive
 .text.__retarget_lock_release_recursive
                0x0000000008009066        0x2 c:/st/stm32cubeide_1.7.0/stm32cubeide/plugins/com.st.stm32cube.ide.mcu.externaltools.gnu-tools-for-stm32.10.3-2021.10.win32_1.0.0.202111181127/tools/bin/../lib/gcc/arm-none-eabi/10.3.1/../../../../arm-none-eabi/lib/thumb/v7-m/nofp\libc_nano.a(lib_a-lock.o)
                0x0000000008009066                __retarget_lock_release_recursive
 .text.__swhatbuf_r
                0x0000000008009068       0x4a c:/st/stm32cubeide_1.7.0/stm32cubeide/plugins/com.st.stm32cube.ide.mcu.externaltools.gnu-tools-for-stm32.10.3-2021.10.win32_1.0.0.202111181127/tools/bin/../lib/gcc/arm-none-eabi/10.3.1/../../../../arm-none-eabi/lib/thumb/v7-m/nofp\libc_nano.a(lib_a-makebuf.o)
                0x0000000008009068                __swhatbuf_r
 *fill*         0x00000000080090b2        0x2 
 .text.__smakebuf_r